Archive member included to satisfy reference by file (symbol)

c:/st/stm32cubeide_1.5.0/stm32cubeide/plugins/com.st.stm32cube.ide.mcu.externaltools.gnu-tools-for-stm32.7-2018-q2-update.win32_1.5.0.202011040924/tools/bin/../lib/gcc/arm-none-eabi/7.3.1/../../../../arm-none-eabi/lib/thumb/v7e-m/fpv4-sp/hard\libc_nano.a(lib_a-errno.o)
                              Core/Src/syscalls.o (__errno)
c:/st/stm32cubeide_1.5.0/stm32cubeide/plugins/com.st.stm32cube.ide.mcu.externaltools.gnu-tools-for-stm32.7-2018-q2-update.win32_1.5.0.202011040924/tools/bin/../lib/gcc/arm-none-eabi/7.3.1/../../../../arm-none-eabi/lib/thumb/v7e-m/fpv4-sp/hard\libc_nano.a(lib_a-exit.o)
                              c:/st/stm32cubeide_1.5.0/stm32cubeide/plugins/com.st.stm32cube.ide.mcu.externaltools.gnu-tools-for-stm32.7-2018-q2-update.win32_1.5.0.202011040924/tools/bin/../lib/gcc/arm-none-eabi/7.3.1/../../../../arm-none-eabi/lib/thumb/v7e-m/fpv4-sp/hard/crt0.o (exit)
c:/st/stm32cubeide_1.5.0/stm32cubeide/plugins/com.st.stm32cube.ide.mcu.externaltools.gnu-tools-for-stm32.7-2018-q2-update.win32_1.5.0.202011040924/tools/bin/../lib/gcc/arm-none-eabi/7.3.1/../../../../arm-none-eabi/lib/thumb/v7e-m/fpv4-sp/hard\libc_nano.a(lib_a-impure.o)
                              c:/st/stm32cubeide_1.5.0/stm32cubeide/plugins/com.st.stm32cube.ide.mcu.externaltools.gnu-tools-for-stm32.7-2018-q2-update.win32_1.5.0.202011040924/tools/bin/../lib/gcc/arm-none-eabi/7.3.1/../../../../arm-none-eabi/lib/thumb/v7e-m/fpv4-sp/hard\libc_nano.a(lib_a-exit.o) (_global_impure_ptr)
c:/st/stm32cubeide_1.5.0/stm32cubeide/plugins/com.st.stm32cube.ide.mcu.externaltools.gnu-tools-for-stm32.7-2018-q2-update.win32_1.5.0.202011040924/tools/bin/../lib/gcc/arm-none-eabi/7.3.1/../../../../arm-none-eabi/lib/thumb/v7e-m/fpv4-sp/hard\libc_nano.a(lib_a-init.o)
                              c:/st/stm32cubeide_1.5.0/stm32cubeide/plugins/com.st.stm32cube.ide.mcu.externaltools.gnu-tools-for-stm32.7-2018-q2-update.win32_1.5.0.202011040924/tools/bin/../lib/gcc/arm-none-eabi/7.3.1/../../../../arm-none-eabi/lib/thumb/v7e-m/fpv4-sp/hard/crt0.o (__libc_init_array)
c:/st/stm32cubeide_1.5.0/stm32cubeide/plugins/com.st.stm32cube.ide.mcu.externaltools.gnu-tools-for-stm32.7-2018-q2-update.win32_1.5.0.202011040924/tools/bin/../lib/gcc/arm-none-eabi/7.3.1/../../../../arm-none-eabi/lib/thumb/v7e-m/fpv4-sp/hard\libc_nano.a(lib_a-memcpy-stub.o)
                              Middlewares/Third_Party/FreeRTOS/Source/queue.o (memcpy)
c:/st/stm32cubeide_1.5.0/stm32cubeide/plugins/com.st.stm32cube.ide.mcu.externaltools.gnu-tools-for-stm32.7-2018-q2-update.win32_1.5.0.202011040924/tools/bin/../lib/gcc/arm-none-eabi/7.3.1/../../../../arm-none-eabi/lib/thumb/v7e-m/fpv4-sp/hard\libc_nano.a(lib_a-memset.o)
                              c:/st/stm32cubeide_1.5.0/stm32cubeide/plugins/com.st.stm32cube.ide.mcu.externaltools.gnu-tools-for-stm32.7-2018-q2-update.win32_1.5.0.202011040924/tools/bin/../lib/gcc/arm-none-eabi/7.3.1/../../../../arm-none-eabi/lib/thumb/v7e-m/fpv4-sp/hard/crt0.o (memset)
c:/st/stm32cubeide_1.5.0/stm32cubeide/plugins/com.st.stm32cube.ide.mcu.externaltools.gnu-tools-for-stm32.7-2018-q2-update.win32_1.5.0.202011040924/tools/bin/../lib/gcc/arm-none-eabi/7.3.1/../../../../arm-none-eabi/lib/thumb/v7e-m/fpv4-sp/hard\libc_nano.a(lib_a-sprintf.o)
                              Core/Src/main.o (sprintf)
c:/st/stm32cubeide_1.5.0/stm32cubeide/plugins/com.st.stm32cube.ide.mcu.externaltools.gnu-tools-for-stm32.7-2018-q2-update.win32_1.5.0.202011040924/tools/bin/../lib/gcc/arm-none-eabi/7.3.1/../../../../arm-none-eabi/lib/thumb/v7e-m/fpv4-sp/hard\libc_nano.a(lib_a-strlen.o)
                              Core/Src/fonts.o (strlen)
c:/st/stm32cubeide_1.5.0/stm32cubeide/plugins/com.st.stm32cube.ide.mcu.externaltools.gnu-tools-for-stm32.7-2018-q2-update.win32_1.5.0.202011040924/tools/bin/../lib/gcc/arm-none-eabi/7.3.1/../../../../arm-none-eabi/lib/thumb/v7e-m/fpv4-sp/hard\libc_nano.a(lib_a-nano-svfprintf.o)
                              c:/st/stm32cubeide_1.5.0/stm32cubeide/plugins/com.st.stm32cube.ide.mcu.externaltools.gnu-tools-for-stm32.7-2018-q2-update.win32_1.5.0.202011040924/tools/bin/../lib/gcc/arm-none-eabi/7.3.1/../../../../arm-none-eabi/lib/thumb/v7e-m/fpv4-sp/hard\libc_nano.a(lib_a-sprintf.o) (_svfprintf_r)
c:/st/stm32cubeide_1.5.0/stm32cubeide/plugins/com.st.stm32cube.ide.mcu.externaltools.gnu-tools-for-stm32.7-2018-q2-update.win32_1.5.0.202011040924/tools/bin/../lib/gcc/arm-none-eabi/7.3.1/../../../../arm-none-eabi/lib/thumb/v7e-m/fpv4-sp/hard\libc_nano.a(lib_a-nano-vfprintf_i.o)
                              c:/st/stm32cubeide_1.5.0/stm32cubeide/plugins/com.st.stm32cube.ide.mcu.externaltools.gnu-tools-for-stm32.7-2018-q2-update.win32_1.5.0.202011040924/tools/bin/../lib/gcc/arm-none-eabi/7.3.1/../../../../arm-none-eabi/lib/thumb/v7e-m/fpv4-sp/hard\libc_nano.a(lib_a-nano-svfprintf.o) (_printf_i)
[...]
Memory Configuration

Name             Origin             Length             Attributes
CCMRAM           0x0000000010000000 0x0000000000010000 xrw
RAM              0x0000000020000000 0x0000000000020000 xrw
FLASH            0x0000000008000000 0x0000000000080000 xr
*default*        0x0000000000000000 0xffffffffffffffff

Linker script and memory map

LOAD c:/st/stm32cubeide_1.5.0/stm32cubeide/plugins/com.st.stm32cube.ide.mcu.externaltools.gnu-tools-for-stm32.7-2018-q2-update.win32_1.5.0.202011040924/tools/bin/../lib/gcc/arm-none-eabi/7.3.1/thumb/v7e-m/fpv4-sp/hard/crti.o
LOAD c:/st/stm32cubeide_1.5.0/stm32cubeide/plugins/com.st.stm32cube.ide.mcu.externaltools.gnu-tools-for-stm32.7-2018-q2-update.win32_1.5.0.202011040924/tools/bin/../lib/gcc/arm-none-eabi/7.3.1/thumb/v7e-m/fpv4-sp/hard/crtbegin.o
LOAD c:/st/stm32cubeide_1.5.0/stm32cubeide/plugins/com.st.stm32cube.ide.mcu.externaltools.gnu-tools-for-stm32.7-2018-q2-update.win32_1.5.0.202011040924/tools/bin/../lib/gcc/arm-none-eabi/7.3.1/../../../../arm-none-eabi/lib/thumb/v7e-m/fpv4-sp/hard/crt0.o
LOAD Core/Src/fonts.o
LOAD Core/Src/freertos.o
LOAD Core/Src/main.o
LOAD Core/Src/st7789.o
LOAD Core/Src/stm32f4xx_hal_msp.o
LOAD Core/Src/stm32f4xx_hal_timebase_tim.o
LOAD Core/Src/stm32f4xx_it.o
LOAD Core/Src/syscalls.o
LOAD Core/Src/sysmem.o
LOAD Core/Src/system_stm32f4xx.o
LOAD Core/Startup/startup_stm32f407vetx.o
LOAD Drivers/STM32F4xx_HAL_Driver/Src/stm32f4xx_hal.o
LOAD Drivers/STM32F4xx_HAL_Driver/Src/stm32f4xx_hal_cortex.o
LOAD Drivers/STM32F4xx_HAL_Driver/Src/stm32f4xx_hal_dma.o
LOAD Drivers/STM32F4xx_HAL_Driver/Src/stm32f4xx_hal_dma_ex.o
LOAD Drivers/STM32F4xx_HAL_Driver/Src/stm32f4xx_hal_exti.o
LOAD Drivers/STM32F4xx_HAL_Driver/Src/stm32f4xx_hal_flash.o
LOAD Drivers/STM32F4xx_HAL_Driver/Src/stm32f4xx_hal_flash_ex.o
LOAD Drivers/STM32F4xx_HAL_Driver/Src/stm32f4xx_hal_flash_ramfunc.o
LOAD Drivers/STM32F4xx_HAL_Driver/Src/stm32f4xx_hal_gpio.o
LOAD Drivers/STM32F4xx_HAL_Driver/Src/stm32f4xx_hal_pwr.o
LOAD Drivers/STM32F4xx_HAL_Driver/Src/stm32f4xx_hal_pwr_ex.o
LOAD Drivers/STM32F4xx_HAL_Driver/Src/stm32f4xx_hal_rcc.o
LOAD Drivers/STM32F4xx_HAL_Driver/Src/stm32f4xx_hal_rcc_ex.o
LOAD Drivers/STM32F4xx_HAL_Driver/Src/stm32f4xx_hal_rtc.o
LOAD Drivers/STM32F4xx_HAL_Driver/Src/stm32f4xx_hal_rtc_ex.o
LOAD Drivers/STM32F4xx_HAL_Driver/Src/stm32f4xx_hal_spi.o
LOAD Drivers/STM32F4xx_HAL_Driver/Src/stm32f4xx_hal_tim.o
LOAD Drivers/STM32F4xx_HAL_Driver/Src/stm32f4xx_hal_tim_ex.o
LOAD Middlewares/Third_Party/FreeRTOS/Source/CMSIS_RTOS/cmsis_os.o
LOAD Middlewares/Third_Party/FreeRTOS/Source/croutine.o
LOAD Middlewares/Third_Party/FreeRTOS/Source/event_groups.o
LOAD Middlewares/Third_Party/FreeRTOS/Source/list.o
LOAD Middlewares/Third_Party/FreeRTOS/Source/queue.o
LOAD Middlewares/Third_Party/FreeRTOS/Source/stream_buffer.o
LOAD Middlewares/Third_Party/FreeRTOS/Source/tasks.o
LOAD Middlewares/Third_Party/FreeRTOS/Source/timers.o
LOAD Middlewares/Third_Party/FreeRTOS/Source/portable/GCC/ARM_CM4F/port.o
LOAD Middlewares/Third_Party/FreeRTOS/Source/portable/MemMang/heap_4.o
START GROUP
LOAD c:/st/stm32cubeide_1.5.0/stm32cubeide/plugins/com.st.stm32cube.ide.mcu.externaltools.gnu-tools-for-stm32.7-2018-q2-update.win32_1.5.0.202011040924/tools/bin/../lib/gcc/arm-none-eabi/7.3.1/../../../../arm-none-eabi/lib/thumb/v7e-m/fpv4-sp/hard\libc_nano.a
LOAD c:/st/stm32cubeide_1.5.0/stm32cubeide/plugins/com.st.stm32cube.ide.mcu.externaltools.gnu-tools-for-stm32.7-2018-q2-update.win32_1.5.0.202011040924/tools/bin/../lib/gcc/arm-none-eabi/7.3.1/../../../../arm-none-eabi/lib/thumb/v7e-m/fpv4-sp/hard\libm.a
END GROUP
START GROUP
LOAD c:/st/stm32cubeide_1.5.0/stm32cubeide/plugins/com.st.stm32cube.ide.mcu.externaltools.gnu-tools-for-stm32.7-2018-q2-update.win32_1.5.0.202011040924/tools/bin/../lib/gcc/arm-none-eabi/7.3.1/thumb/v7e-m/fpv4-sp/hard\libgcc.a
LOAD c:/st/stm32cubeide_1.5.0/stm32cubeide/plugins/com.st.stm32cube.ide.mcu.externaltools.gnu-tools-for-stm32.7-2018-q2-update.win32_1.5.0.202011040924/tools/bin/../lib/gcc/arm-none-eabi/7.3.1/../../../../arm-none-eabi/lib/thumb/v7e-m/fpv4-sp/hard\libc_nano.a
END GROUP
START GROUP
LOAD c:/st/stm32cubeide_1.5.0/stm32cubeide/plugins/com.st.stm32cube.ide.mcu.externaltools.gnu-tools-for-stm32.7-2018-q2-update.win32_1.5.0.202011040924/tools/bin/../lib/gcc/arm-none-eabi/7.3.1/thumb/v7e-m/fpv4-sp/hard\libgcc.a
LOAD c:/st/stm32cubeide_1.5.0/stm32cubeide/plugins/com.st.stm32cube.ide.mcu.externaltools.gnu-tools-for-stm32.7-2018-q2-update.win32_1.5.0.202011040924/tools/bin/../lib/gcc/arm-none-eabi/7.3.1/../../../../arm-none-eabi/lib/thumb/v7e-m/fpv4-sp/hard\libc_nano.a
LOAD c:/st/stm32cubeide_1.5.0/stm32cubeide/plugins/com.st.stm32cube.ide.mcu.externaltools.gnu-tools-for-stm32.7-2018-q2-update.win32_1.5.0.202011040924/tools/bin/../lib/gcc/arm-none-eabi/7.3.1/../../../../arm-none-eabi/lib/thumb/v7e-m/fpv4-sp/hard\libnosys.a
END GROUP
START GROUP
LOAD c:/st/stm32cubeide_1.5.0/stm32cubeide/plugins/com.st.stm32cube.ide.mcu.externaltools.gnu-tools-for-stm32.7-2018-q2-update.win32_1.5.0.202011040924/tools/bin/../lib/gcc/arm-none-eabi/7.3.1/thumb/v7e-m/fpv4-sp/hard\libgcc.a
LOAD c:/st/stm32cubeide_1.5.0/stm32cubeide/plugins/com.st.stm32cube.ide.mcu.externaltools.gnu-tools-for-stm32.7-2018-q2-update.win32_1.5.0.202011040924/tools/bin/../lib/gcc/arm-none-eabi/7.3.1/../../../../arm-none-eabi/lib/thumb/v7e-m/fpv4-sp/hard\libc_nano.a
LOAD c:/st/stm32cubeide_1.5.0/stm32cubeide/plugins/com.st.stm32cube.ide.mcu.externaltools.gnu-tools-for-stm32.7-2018-q2-update.win32_1.5.0.202011040924/tools/bin/../lib/gcc/arm-none-eabi/7.3.1/../../../../arm-none-eabi/lib/thumb/v7e-m/fpv4-sp/hard\libnosys.a
END GROUP
LOAD c:/st/stm32cubeide_1.5.0/stm32cubeide/plugins/com.st.stm32cube.ide.mcu.externaltools.gnu-tools-for-stm32.7-2018-q2-update.win32_1.5.0.202011040924/tools/bin/../lib/gcc/arm-none-eabi/7.3.1/thumb/v7e-m/fpv4-sp/hard/crtend.o
LOAD c:/st/stm32cubeide_1.5.0/stm32cubeide/plugins/com.st.stm32cube.ide.mcu.externaltools.gnu-tools-for-stm32.7-2018-q2-update.win32_1.5.0.202011040924/tools/bin/../lib/gcc/arm-none-eabi/7.3.1/thumb/v7e-m/fpv4-sp/hard/crtn.o
                0x0000000020020000                _estack = (ORIGIN (RAM) + LENGTH (RAM))
                0x0000000000000200                _Min_Heap_Size = 0x200
                0x0000000000000400                _Min_Stack_Size = 0x400

.isr_vector     0x0000000008000000      0x188
                0x0000000008000000                . = ALIGN (0x4)
 *(.isr_vector)
 .isr_vector    0x0000000008000000      0x188 Core/Startup/startup_stm32f407vetx.o
                0x0000000008000000                g_pfnVectors
                0x0000000008000188                . = ALIGN (0x4)

.text           0x0000000008000190     0x523c
                0x0000000008000190                . = ALIGN (0x4)
 *(.text)
 .text          0x0000000008000190       0x40 c:/st/stm32cubeide_1.5.0/stm32cubeide/plugins/com.st.stm32cube.ide.mcu.externaltools.gnu-tools-for-stm32.7-2018-q2-update.win32_1.5.0.202011040924/tools/bin/../lib/gcc/arm-none-eabi/7.3.1/thumb/v7e-m/fpv4-sp/hard/crtbegin.o
 .text          0x00000000080001d0       0x10 c:/st/stm32cubeide_1.5.0/stm32cubeide/plugins/com.st.stm32cube.ide.mcu.externaltools.gnu-tools-for-stm32.7-2018-q2-update.win32_1.5.0.202011040924/tools/bin/../lib/gcc/arm-none-eabi/7.3.1/../../../../arm-none-eabi/lib/thumb/v7e-m/fpv4-sp/hard\libc_nano.a(lib_a-strlen.o)
                0x00000000080001d0                strlen
 .text          0x00000000080001e0       0xa0 c:/st/stm32cubeide_1.5.0/stm32cubeide/plugins/com.st.stm32cube.ide.mcu.externaltools.gnu-tools-for-stm32.7-2018-q2-update.win32_1.5.0.202011040924/tools/bin/../lib/gcc/arm-none-eabi/7.3.1/../../../../arm-none-eabi/lib/thumb/v7e-m/fpv4-sp/hard\libc_nano.a(lib_a-memchr.o)
                0x00000000080001e0                memchr
 .text          0x0000000008000280       0x30 c:/st/stm32cubeide_1.5.0/stm32cubeide/plugins/com.st.stm32cube.ide.mcu.externaltools.gnu-tools-for-stm32.7-2018-q2-update.win32_1.5.0.202011040924/tools/bin/../lib/gcc/arm-none-eabi/7.3.1/thumb/v7e-m/fpv4-sp/hard\libgcc.a(_aeabi_uldivmod.o)
                0x0000000008000280                __aeabi_uldivmod
 .text          0x00000000080002b0      0x2cc c:/st/stm32cubeide_1.5.0/stm32cubeide/plugins/com.st.stm32cube.ide.mcu.externaltools.gnu-tools-for-stm32.7-2018-q2-update.win32_1.5.0.202011040924/tools/bin/../lib/gcc/arm-none-eabi/7.3.1/thumb/v7e-m/fpv4-sp/hard\libgcc.a(_udivmoddi4.o)
                0x00000000080002b0                __udivmoddi4
 .text          0x000000000800057c        0x4 c:/st/stm32cubeide_1.5.0/stm32cubeide/plugins/com.st.stm32cube.ide.mcu.externaltools.gnu-tools-for-stm32.7-2018-q2-update.win32_1.5.0.202011040924/tools/bin/../lib/gcc/arm-none-eabi/7.3.1/thumb/v7e-m/fpv4-sp/hard\libgcc.a(_dvmd_tls.o)
                0x000000000800057c                __aeabi_idiv0
                0x000000000800057c                __aeabi_ldiv0
 *(.text*)
 .text.main     0x0000000008000580      0x5d0 Core/Src/main.o
                0x0000000008000580                main
 .text.SystemClock_Config
                0x0000000008000b50      0x100 Core/Src/main.o
                0x0000000008000b50                SystemClock_Config
 .text.MX_RTC_Init
                0x0000000008000c50       0x4c Core/Src/main.o
 .text.MX_SPI2_Init
                0x0000000008000c9c       0x6c Core/Src/main.o
 .text.MX_GPIO_Init
                0x0000000008000d08       0xec Core/Src/main.o
 .text.HAL_TIM_PeriodElapsedCallback
                0x0000000008000df4       0x24 Core/Src/main.o
                0x0000000008000df4                HAL_TIM_PeriodElapsedCallback
 .text.Error_Handler
                0x0000000008000e18        0x8 Core/Src/main.o
                0x0000000008000e18                Error_Handler
 .text.ST7789_Init
                0x0000000008000e20       0x38 Core/Src/st7789.o
                0x0000000008000e20                ST7789_Init
 .text.ST7789_Select
                0x0000000008000e58        0xe Core/Src/st7789.o
 .text.ST7789_Unselect
                0x0000000008000e66        0xe Core/Src/st7789.o
 .text.ST7789_ExecuteCommandList
                0x0000000008000e74       0x90 Core/Src/st7789.o
 .text.ST7789_DrawImage
                0x0000000008000f04       0xa8 Core/Src/st7789.o
                0x0000000008000f04                ST7789_DrawImage
 .text.ST7789_HardReset
                0x0000000008000fac       0x28 Core/Src/st7789.o
                0x0000000008000fac                ST7789_HardReset
 .text.ST7789_SendCmd
                0x0000000008000fd4       0x4c Core/Src/st7789.o
 .text.ST7789_SendData
                0x0000000008001020       0x34 Core/Src/st7789.o
 .text.ST7789_SendDataMASS
                0x0000000008001054       0x7c Core/Src/st7789.o
 .text.ST7789_FillScreen
                0x00000000080010d0       0x34 Core/Src/st7789.o
                0x00000000080010d0                ST7789_FillScreen
 .text.ST7789_FillRect
                0x0000000008001104       0xbc Core/Src/st7789.o
                0x0000000008001104                ST7789_FillRect
 .text.ST7789_SetWindow
                0x00000000080011c0       0x4c Core/Src/st7789.o
 .text.ST7789_RamWrite
                0x000000000800120c       0x46 Core/Src/st7789.o
 *fill*         0x0000000008001252        0x2 
 .text.ST7789_ColumnSet
                0x0000000008001254       0x84 Core/Src/st7789.o
 .text.ST7789_RowSet
                0x00000000080012d8       0x84 Core/Src/st7789.o
 .text.ST7789_DrawRectangle
                0x000000000800135c       0x8e Core/Src/st7789.o
                0x000000000800135c                ST7789_DrawRectangle
 .text.SwapInt16Values
                0x00000000080013ea       0x2c Core/Src/st7789.o
 .text.ST7789_DrawRectangleFilled
                0x0000000008001416       0x8e Core/Src/st7789.o
                0x0000000008001416                ST7789_DrawRectangleFilled
 .text.ST7789_DrawLine_Slow
                0x00000000080014a4      0x104 Core/Src/st7789.o
 .text.ST7789_DrawLine
                0x00000000080015a8       0xfa Core/Src/st7789.o
                0x00000000080015a8                ST7789_DrawLine
 *fill*         0x00000000080016a2        0x2 
 .text.ST7789_DrawPixel
                0x00000000080016a4       0x64 Core/Src/st7789.o
                0x00000000080016a4                ST7789_DrawPixel
 .text.ST7789_DrawCircleFilled
                0x0000000008001708      0x134 Core/Src/st7789.o
                0x0000000008001708                ST7789_DrawCircleFilled
 .text.ST7789_DrawChar
                0x000000000800183c      0x30c Core/Src/st7789.o
                0x000000000800183c                ST7789_DrawChar
 .text.ST7789_print
                0x0000000008001b48      0x186 Core/Src/st7789.o
                0x0000000008001b48                ST7789_print
 *fill*         0x0000000008001cce        0x2 
 .text.ST7789_rotation
                0x0000000008001cd0       0xec Core/Src/st7789.o
                0x0000000008001cd0                ST7789_rotation
 .text.HAL_MspInit
                0x0000000008001dbc       0x58 Core/Src/stm32f4xx_hal_msp.o
                0x0000000008001dbc                HAL_MspInit
 .text.HAL_RTC_MspInit
                0x0000000008001e14       0x2c Core/Src/stm32f4xx_hal_msp.o
                0x0000000008001e14                HAL_RTC_MspInit
 .text.HAL_SPI_MspInit
                0x0000000008001e40       0xd0 Core/Src/stm32f4xx_hal_msp.o
                0x0000000008001e40                HAL_SPI_MspInit
 .text.HAL_InitTick
                0x0000000008001f10       0xb4 Core/Src/stm32f4xx_hal_timebase_tim.o
                0x0000000008001f10                HAL_InitTick
 .text.NMI_Handler
                0x0000000008001fc4        0x6 Core/Src/stm32f4xx_it.o
                0x0000000008001fc4                NMI_Handler
 .text.HardFault_Handler
                0x0000000008001fca        0x6 Core/Src/stm32f4xx_it.o
                0x0000000008001fca                HardFault_Handler
 .text.MemManage_Handler
                0x0000000008001fd0        0x6 Core/Src/stm32f4xx_it.o
                0x0000000008001fd0                MemManage_Handler
 .text.BusFault_Handler
                0x0000000008001fd6        0x6 Core/Src/stm32f4xx_it.o
                0x0000000008001fd6                BusFault_Handler
 .text.UsageFault_Handler
                0x0000000008001fdc        0x6 Core/Src/stm32f4xx_it.o
                0x0000000008001fdc                UsageFault_Handler
 .text.DebugMon_Handler
                0x0000000008001fe2        0xe Core/Src/stm32f4xx_it.o
                0x0000000008001fe2                DebugMon_Handler
 .text.TIM7_IRQHandler
                0x0000000008001ff0       0x14 Core/Src/stm32f4xx_it.o
                0x0000000008001ff0                TIM7_IRQHandler
 .text._sbrk    0x0000000008002004       0x6c Core/Src/sysmem.o
                0x0000000008002004                _sbrk
 .text.SystemInit
                0x0000000008002070       0x2c Core/Src/system_stm32f4xx.o
                0x0000000008002070                SystemInit
 .text.Reset_Handler
                0x000000000800209c       0x50 Core/Startup/startup_stm32f407vetx.o
                0x000000000800209c                Reset_Handler
 .text.Default_Handler
                0x00000000080020ec        0x2 Core/Startup/startup_stm32f407vetx.o
                0x00000000080020ec                RTC_Alarm_IRQHandler
                0x00000000080020ec                HASH_RNG_IRQHandler
                0x00000000080020ec                EXTI2_IRQHandler
                0x00000000080020ec                TIM8_CC_IRQHandler
                0x00000000080020ec                TIM1_CC_IRQHandler
                0x00000000080020ec                DMA2_Stream5_IRQHandler
                0x00000000080020ec                DMA1_Stream5_IRQHandler
                0x00000000080020ec                PVD_IRQHandler
                0x00000000080020ec                SDIO_IRQHandler
                0x00000000080020ec                TAMP_STAMP_IRQHandler
                0x00000000080020ec                CAN2_RX1_IRQHandler
                0x00000000080020ec                EXTI3_IRQHandler
                0x00000000080020ec                TIM8_TRG_COM_TIM14_IRQHandler
                0x00000000080020ec                TIM1_UP_TIM10_IRQHandler
                0x00000000080020ec                TIM8_UP_TIM13_IRQHandler
                0x00000000080020ec                I2C3_ER_IRQHandler
                0x00000000080020ec                EXTI0_IRQHandler
                0x00000000080020ec                I2C2_EV_IRQHandler
                0x00000000080020ec                DMA1_Stream2_IRQHandler
                0x00000000080020ec                CAN1_RX0_IRQHandler
                0x00000000080020ec                FPU_IRQHandler
                0x00000000080020ec                OTG_HS_WKUP_IRQHandler
                0x00000000080020ec                CAN2_SCE_IRQHandler
                0x00000000080020ec                DMA2_Stream2_IRQHandler
                0x00000000080020ec                SPI1_IRQHandler
                0x00000000080020ec                TIM6_DAC_IRQHandler
                0x00000000080020ec                TIM1_BRK_TIM9_IRQHandler
                0x00000000080020ec                DCMI_IRQHandler
                0x00000000080020ec                CAN2_RX0_IRQHandler
                0x00000000080020ec                DMA2_Stream3_IRQHandler
                0x00000000080020ec                USART6_IRQHandler
                0x00000000080020ec                USART3_IRQHandler
                0x00000000080020ec                CAN1_RX1_IRQHandler
                0x00000000080020ec                UART5_IRQHandler
                0x00000000080020ec                DMA2_Stream0_IRQHandler
                0x00000000080020ec                TIM4_IRQHandler
                0x00000000080020ec                I2C1_EV_IRQHandler
                0x00000000080020ec                DMA1_Stream6_IRQHandler
                0x00000000080020ec                DMA1_Stream1_IRQHandler
                0x00000000080020ec                UART4_IRQHandler
                0x00000000080020ec                TIM3_IRQHandler
                0x00000000080020ec                RCC_IRQHandler
                0x00000000080020ec                TIM8_BRK_TIM12_IRQHandler
                0x00000000080020ec                Default_Handler
                0x00000000080020ec                EXTI15_10_IRQHandler
                0x00000000080020ec                ADC_IRQHandler
                0x00000000080020ec                DMA1_Stream7_IRQHandler
                0x00000000080020ec                CAN2_TX_IRQHandler
                0x00000000080020ec                TIM5_IRQHandler
                0x00000000080020ec                DMA2_Stream7_IRQHandler
                0x00000000080020ec                I2C3_EV_IRQHandler
                0x00000000080020ec                EXTI9_5_IRQHandler
                0x00000000080020ec                RTC_WKUP_IRQHandler
                0x00000000080020ec                ETH_WKUP_IRQHandler
                0x00000000080020ec                SPI2_IRQHandler
                0x00000000080020ec                OTG_HS_EP1_IN_IRQHandler
                0x00000000080020ec                DMA1_Stream0_IRQHandler
                0x00000000080020ec                CAN1_TX_IRQHandler
                0x00000000080020ec                EXTI4_IRQHandler
                0x00000000080020ec                FSMC_IRQHandler
                0x00000000080020ec                ETH_IRQHandler
                0x00000000080020ec                OTG_HS_EP1_OUT_IRQHandler
                0x00000000080020ec                WWDG_IRQHandler
                0x00000000080020ec                TIM2_IRQHandler
                0x00000000080020ec                OTG_FS_WKUP_IRQHandler
                0x00000000080020ec                TIM1_TRG_COM_TIM11_IRQHandler
                0x00000000080020ec                OTG_HS_IRQHandler
                0x00000000080020ec                EXTI1_IRQHandler
                0x00000000080020ec                USART2_IRQHandler
                0x00000000080020ec                I2C2_ER_IRQHandler
                0x00000000080020ec                DMA2_Stream1_IRQHandler
                0x00000000080020ec                CAN1_SCE_IRQHandler
                0x00000000080020ec                FLASH_IRQHandler
                0x00000000080020ec                DMA2_Stream4_IRQHandler
                0x00000000080020ec                USART1_IRQHandler
                0x00000000080020ec                OTG_FS_IRQHandler
                0x00000000080020ec                SPI3_IRQHandler
                0x00000000080020ec                DMA1_Stream4_IRQHandler
                0x00000000080020ec                I2C1_ER_IRQHandler
                0x00000000080020ec                DMA2_Stream6_IRQHandler
                0x00000000080020ec                DMA1_Stream3_IRQHandler
 *fill*         0x00000000080020ee        0x2 
 .text.HAL_Init
                0x00000000080020f0       0x44 Drivers/STM32F4xx_HAL_Driver/Src/stm32f4xx_hal.o
                0x00000000080020f0                HAL_Init
 .text.HAL_IncTick
                0x0000000008002134       0x28 Drivers/STM32F4xx_HAL_Driver/Src/stm32f4xx_hal.o
                0x0000000008002134                HAL_IncTick
 .text.HAL_GetTick
                0x000000000800215c       0x18 Drivers/STM32F4xx_HAL_Driver/Src/stm32f4xx_hal.o
                0x000000000800215c                HAL_GetTick
 .text.HAL_Delay
                0x0000000008002174       0x44 Drivers/STM32F4xx_HAL_Driver/Src/stm32f4xx_hal.o
                0x0000000008002174                HAL_Delay
 .text.__NVIC_SetPriorityGrouping
                0x00000000080021b8       0x48 Drivers/STM32F4xx_HAL_Driver/Src/stm32f4xx_hal_cortex.o
 .text.__NVIC_GetPriorityGrouping
                0x0000000008002200       0x1c Drivers/STM32F4xx_HAL_Driver/Src/stm32f4xx_hal_cortex.o
 .text.__NVIC_EnableIRQ
                0x000000000800221c       0x3c Drivers/STM32F4xx_HAL_Driver/Src/stm32f4xx_hal_cortex.o
 .text.__NVIC_SetPriority
                0x0000000008002258       0x54 Drivers/STM32F4xx_HAL_Driver/Src/stm32f4xx_hal_cortex.o
 .text.NVIC_EncodePriority
                0x00000000080022ac       0x66 Drivers/STM32F4xx_HAL_Driver/Src/stm32f4xx_hal_cortex.o
 .text.HAL_NVIC_SetPriorityGrouping
                0x0000000008002312       0x16 Drivers/STM32F4xx_HAL_Driver/Src/stm32f4xx_hal_cortex.o
                0x0000000008002312                HAL_NVIC_SetPriorityGrouping
 .text.HAL_NVIC_SetPriority
                0x0000000008002328       0x38 Drivers/STM32F4xx_HAL_Driver/Src/stm32f4xx_hal_cortex.o
                0x0000000008002328                HAL_NVIC_SetPriority
 .text.HAL_NVIC_EnableIRQ
                0x0000000008002360       0x1c Drivers/STM32F4xx_HAL_Driver/Src/stm32f4xx_hal_cortex.o
                0x0000000008002360                HAL_NVIC_EnableIRQ
 .text.HAL_GPIO_Init
                0x000000000800237c      0x334 Drivers/STM32F4xx_HAL_Driver/Src/stm32f4xx_hal_gpio.o
                0x000000000800237c                HAL_GPIO_Init
 .text.HAL_GPIO_WritePin
                0x00000000080026b0       0x32 Drivers/STM32F4xx_HAL_Driver/Src/stm32f4xx_hal_gpio.o
                0x00000000080026b0                HAL_GPIO_WritePin
 *fill*         0x00000000080026e2        0x2 
 .text.HAL_RCC_OscConfig
                0x00000000080026e4      0x4e0 Drivers/STM32F4xx_HAL_Driver/Src/stm32f4xx_hal_rcc.o
                0x00000000080026e4                HAL_RCC_OscConfig
 .text.HAL_RCC_ClockConfig
                0x0000000008002bc4      0x1cc Drivers/STM32F4xx_HAL_Driver/Src/stm32f4xx_hal_rcc.o
                0x0000000008002bc4                HAL_RCC_ClockConfig
 .text.HAL_RCC_GetSysClockFreq
                0x0000000008002d90      0x164 Drivers/STM32F4xx_HAL_Driver/Src/stm32f4xx_hal_rcc.o
                0x0000000008002d90                HAL_RCC_GetSysClockFreq
 .text.HAL_RCC_GetHCLKFreq
                0x0000000008002ef4       0x18 Drivers/STM32F4xx_HAL_Driver/Src/stm32f4xx_hal_rcc.o
                0x0000000008002ef4                HAL_RCC_GetHCLKFreq
 .text.HAL_RCC_GetPCLK1Freq
                0x0000000008002f0c       0x28 Drivers/STM32F4xx_HAL_Driver/Src/stm32f4xx_hal_rcc.o
                0x0000000008002f0c                HAL_RCC_GetPCLK1Freq
 .text.HAL_RCC_GetClockConfig
                0x0000000008002f34       0x64 Drivers/STM32F4xx_HAL_Driver/Src/stm32f4xx_hal_rcc.o
                0x0000000008002f34                HAL_RCC_GetClockConfig
 .text.HAL_RCCEx_PeriphCLKConfig
                0x0000000008002f98      0x1c4 Drivers/STM32F4xx_HAL_Driver/Src/stm32f4xx_hal_rcc_ex.o
                0x0000000008002f98                HAL_RCCEx_PeriphCLKConfig
 .text.HAL_RTC_Init
                0x000000000800315c      0x122 Drivers/STM32F4xx_HAL_Driver/Src/stm32f4xx_hal_rtc.o
                0x000000000800315c                HAL_RTC_Init
 .text.HAL_RTC_WaitForSynchro
                0x000000000800327e       0x50 Drivers/STM32F4xx_HAL_Driver/Src/stm32f4xx_hal_rtc.o
                0x000000000800327e                HAL_RTC_WaitForSynchro
 .text.RTC_EnterInitMode
                0x00000000080032ce       0x58 Drivers/STM32F4xx_HAL_Driver/Src/stm32f4xx_hal_rtc.o
                0x00000000080032ce                RTC_EnterInitMode
 .text.HAL_SPI_Init
                0x0000000008003326       0xc8 Drivers/STM32F4xx_HAL_Driver/Src/stm32f4xx_hal_spi.o
                0x0000000008003326                HAL_SPI_Init
 .text.HAL_SPI_Transmit
                0x00000000080033ee      0x268 Drivers/STM32F4xx_HAL_Driver/Src/stm32f4xx_hal_spi.o
                0x00000000080033ee                HAL_SPI_Transmit
 .text.HAL_SPI_GetState
                0x0000000008003656       0x1c Drivers/STM32F4xx_HAL_Driver/Src/stm32f4xx_hal_spi.o
                0x0000000008003656                HAL_SPI_GetState
 .text.SPI_WaitFlagStateUntilTimeout
                0x0000000008003672       0xd4 Drivers/STM32F4xx_HAL_Driver/Src/stm32f4xx_hal_spi.o
 *fill*         0x0000000008003746        0x2 
 .text.SPI_EndRxTxTransaction
                0x0000000008003748       0x84 Drivers/STM32F4xx_HAL_Driver/Src/stm32f4xx_hal_spi.o
 .text.HAL_TIM_Base_Init
                0x00000000080037cc       0x56 Drivers/STM32F4xx_HAL_Driver/Src/stm32f4xx_hal_tim.o
                0x00000000080037cc                HAL_TIM_Base_Init
 .text.HAL_TIM_Base_MspInit
                0x0000000008003822       0x14 Drivers/STM32F4xx_HAL_Driver/Src/stm32f4xx_hal_tim.o
                0x0000000008003822                HAL_TIM_Base_MspInit
 .text.HAL_TIM_Base_Start_IT
                0x0000000008003836       0x48 Drivers/STM32F4xx_HAL_Driver/Src/stm32f4xx_hal_tim.o
                0x0000000008003836                HAL_TIM_Base_Start_IT
 .text.HAL_TIM_IRQHandler
                0x000000000800387e      0x210 Drivers/STM32F4xx_HAL_Driver/Src/stm32f4xx_hal_tim.o
                0x000000000800387e                HAL_TIM_IRQHandler
 .text.HAL_TIM_OC_DelayElapsedCallback
                0x0000000008003a8e       0x14 Drivers/STM32F4xx_HAL_Driver/Src/stm32f4xx_hal_tim.o
                0x0000000008003a8e                HAL_TIM_OC_DelayElapsedCallback
 .text.HAL_TIM_IC_CaptureCallback
                0x0000000008003aa2       0x14 Drivers/STM32F4xx_HAL_Driver/Src/stm32f4xx_hal_tim.o
                0x0000000008003aa2                HAL_TIM_IC_CaptureCallback
 .text.HAL_TIM_PWM_PulseFinishedCallback
                0x0000000008003ab6       0x14 Drivers/STM32F4xx_HAL_Driver/Src/stm32f4xx_hal_tim.o
                0x0000000008003ab6                HAL_TIM_PWM_PulseFinishedCallback
 .text.HAL_TIM_TriggerCallback
                0x0000000008003aca       0x14 Drivers/STM32F4xx_HAL_Driver/Src/stm32f4xx_hal_tim.o
                0x0000000008003aca                HAL_TIM_TriggerCallback
 *fill*         0x0000000008003ade        0x2 
 .text.TIM_Base_SetConfig
                0x0000000008003ae0      0x140 Drivers/STM32F4xx_HAL_Driver/Src/stm32f4xx_hal_tim.o
                0x0000000008003ae0                TIM_Base_SetConfig
 .text.HAL_TIMEx_CommutCallback
                0x0000000008003c20       0x14 Drivers/STM32F4xx_HAL_Driver/Src/stm32f4xx_hal_tim_ex.o
                0x0000000008003c20                HAL_TIMEx_CommutCallback
 .text.HAL_TIMEx_BreakCallback
                0x0000000008003c34       0x14 Drivers/STM32F4xx_HAL_Driver/Src/stm32f4xx_hal_tim_ex.o
                0x0000000008003c34                HAL_TIMEx_BreakCallback
 .text.vListInsertEnd
                0x0000000008003c48       0x48 Middlewares/Third_Party/FreeRTOS/Source/list.o
                0x0000000008003c48                vListInsertEnd
 .text.uxListRemove
                0x0000000008003c90       0x54 Middlewares/Third_Party/FreeRTOS/Source/list.o
                0x0000000008003c90                uxListRemove
 .text.xTaskIncrementTick
                0x0000000008003ce4      0x170 Middlewares/Third_Party/FreeRTOS/Source/tasks.o
                0x0000000008003ce4                xTaskIncrementTick
 .text.vTaskSwitchContext
                0x0000000008003e54       0xb4 Middlewares/Third_Party/FreeRTOS/Source/tasks.o
                0x0000000008003e54                vTaskSwitchContext
 .text.prvResetNextTaskUnblockTime
                0x0000000008003f08       0x40 Middlewares/Third_Party/FreeRTOS/Source/tasks.o
 *fill*         0x0000000008003f48        0x8 
 .text.SVC_Handler
                0x0000000008003f50       0x28 Middlewares/Third_Party/FreeRTOS/Source/portable/GCC/ARM_CM4F/port.o
                0x0000000008003f50                SVC_Handler
 *fill*         0x0000000008003f78        0x8 
 .text.PendSV_Handler
                0x0000000008003f80       0x68 Middlewares/Third_Party/FreeRTOS/Source/portable/GCC/ARM_CM4F/port.o
                0x0000000008003f80                PendSV_Handler
 .text.SysTick_Handler
                0x0000000008003fe8       0x40 Middlewares/Third_Party/FreeRTOS/Source/portable/GCC/ARM_CM4F/port.o
                0x0000000008003fe8                SysTick_Handler
 .text.__errno  0x0000000008004028        0xc c:/st/stm32cubeide_1.5.0/stm32cubeide/plugins/com.st.stm32cube.ide.mcu.externaltools.gnu-tools-for-stm32.7-2018-q2-update.win32_1.5.0.202011040924/tools/bin/../lib/gcc/arm-none-eabi/7.3.1/../../../../arm-none-eabi/lib/thumb/v7e-m/fpv4-sp/hard\libc_nano.a(lib_a-errno.o)
                0x0000000008004028                __errno
 .text.__libc_init_array
                0x0000000008004034       0x48 c:/st/stm32cubeide_1.5.0/stm32cubeide/plugins/com.st.stm32cube.ide.mcu.externaltools.gnu-tools-for-stm32.7-2018-q2-update.win32_1.5.0.202011040924/tools/bin/../lib/gcc/arm-none-eabi/7.3.1/../../../../arm-none-eabi/lib/thumb/v7e-m/fpv4-sp/hard\libc_nano.a(lib_a-init.o)
                0x0000000008004034                __libc_init_array
 .text.memcpy   0x000000000800407c       0x16 c:/st/stm32cubeide_1.5.0/stm32cubeide/plugins/com.st.stm32cube.ide.mcu.externaltools.gnu-tools-for-stm32.7-2018-q2-update.win32_1.5.0.202011040924/tools/bin/../lib/gcc/arm-none-eabi/7.3.1/../../../../arm-none-eabi/lib/thumb/v7e-m/fpv4-sp/hard\libc_nano.a(lib_a-memcpy-stub.o)
                0x000000000800407c                memcpy
 .text.memset   0x0000000008004092       0x10 c:/st/stm32cubeide_1.5.0/stm32cubeide/plugins/com.st.stm32cube.ide.mcu.externaltools.gnu-tools-for-stm32.7-2018-q2-update.win32_1.5.0.202011040924/tools/bin/../lib/gcc/arm-none-eabi/7.3.1/../../../../arm-none-eabi/lib/thumb/v7e-m/fpv4-sp/hard\libc_nano.a(lib_a-memset.o)
                0x0000000008004092                memset
 *fill*         0x00000000080040a2        0x2 
 .text.sprintf  0x00000000080040a4       0x40 c:/st/stm32cubeide_1.5.0/stm32cubeide/plugins/com.st.stm32cube.ide.mcu.externaltools.gnu-tools-for-stm32.7-2018-q2-update.win32_1.5.0.202011040924/tools/bin/../lib/gcc/arm-none-eabi/7.3.1/../../../../arm-none-eabi/lib/thumb/v7e-m/fpv4-sp/hard\libc_nano.a(lib_a-sprintf.o)
                0x00000000080040a4                siprintf
                0x00000000080040a4                sprintf
 .text.__ssputs_r
                0x00000000080040e4       0xb4 c:/st/stm32cubeide_1.5.0/stm32cubeide/plugins/com.st.stm32cube.ide.mcu.externaltools.gnu-tools-for-stm32.7-2018-q2-update.win32_1.5.0.202011040924/tools/bin/../lib/gcc/arm-none-eabi/7.3.1/../../../../arm-none-eabi/lib/thumb/v7e-m/fpv4-sp/hard\libc_nano.a(lib_a-nano-svfprintf.o)
                0x00000000080040e4                __ssputs_r
 .text._svfprintf_r
                0x0000000008004198      0x1f0 c:/st/stm32cubeide_1.5.0/stm32cubeide/plugins/com.st.stm32cube.ide.mcu.externaltools.gnu-tools-for-stm32.7-2018-q2-update.win32_1.5.0.202011040924/tools/bin/../lib/gcc/arm-none-eabi/7.3.1/../../../../arm-none-eabi/lib/thumb/v7e-m/fpv4-sp/hard\libc_nano.a(lib_a-nano-svfprintf.o)
                0x0000000008004198                _svfiprintf_r
                0x0000000008004198                _svfprintf_r
 .text._printf_common
                0x0000000008004388       0xea c:/st/stm32cubeide_1.5.0/stm32cubeide/plugins/com.st.stm32cube.ide.mcu.externaltools.gnu-tools-for-stm32.7-2018-q2-update.win32_1.5.0.202011040924/tools/bin/../lib/gcc/arm-none-eabi/7.3.1/../../../../arm-none-eabi/lib/thumb/v7e-m/fpv4-sp/hard\libc_nano.a(lib_a-nano-vfprintf_i.o)
                0x0000000008004388                _printf_common
 *fill*         0x0000000008004472        0x2 
 .text._printf_i
                0x0000000008004474      0x224 c:/st/stm32cubeide_1.5.0/stm32cubeide/plugins/com.st.stm32cube.ide.mcu.externaltools.gnu-tools-for-stm32.7-2018-q2-update.win32_1.5.0.202011040924/tools/bin/../lib/gcc/arm-none-eabi/7.3.1/../../../../arm-none-eabi/lib/thumb/v7e-m/fpv4-sp/hard\libc_nano.a(lib_a-nano-vfprintf_i.o)
                0x0000000008004474                _printf_i
 .text.memmove  0x0000000008004698       0x32 c:/st/stm32cubeide_1.5.0/stm32cubeide/plugins/com.st.stm32cube.ide.mcu.externaltools.gnu-tools-for-stm32.7-2018-q2-update.win32_1.5.0.202011040924/tools/bin/../lib/gcc/arm-none-eabi/7.3.1/../../../../arm-none-eabi/lib/thumb/v7e-m/fpv4-sp/hard\libc_nano.a(lib_a-memmove.o)
                0x0000000008004698                memmove
 *fill*         0x00000000080046ca        0x2 
 .text._free_r  0x00000000080046cc       0x9c c:/st/stm32cubeide_1.5.0/stm32cubeide/plugins/com.st.stm32cube.ide.mcu.externaltools.gnu-tools-for-stm32.7-2018-q2-update.win32_1.5.0.202011040924/tools/bin/../lib/gcc/arm-none-eabi/7.3.1/../../../../arm-none-eabi/lib/thumb/v7e-m/fpv4-sp/hard\libc_nano.a(lib_a-nano-freer.o)
                0x00000000080046cc                _free_r
 .text._malloc_r
                0x0000000008004768       0xb4 c:/st/stm32cubeide_1.5.0/stm32cubeide/plugins/com.st.stm32cube.ide.mcu.externaltools.gnu-tools-for-stm32.7-2018-q2-update.win32_1.5.0.202011040924/tools/bin/../lib/gcc/arm-none-eabi/7.3.1/../../../../arm-none-eabi/lib/thumb/v7e-m/fpv4-sp/hard\libc_nano.a(lib_a-nano-mallocr.o)
                0x0000000008004768                _malloc_r
 .text._realloc_r
                0x000000000800481c       0x4c c:/st/stm32cubeide_1.5.0/stm32cubeide/plugins/com.st.stm32cube.ide.mcu.externaltools.gnu-tools-for-stm32.7-2018-q2-update.win32_1.5.0.202011040924/tools/bin/../lib/gcc/arm-none-eabi/7.3.1/../../../../arm-none-eabi/lib/thumb/v7e-m/fpv4-sp/hard\libc_nano.a(lib_a-nano-reallocr.o)
                0x000000000800481c                _realloc_r
 .text._sbrk_r  0x0000000008004868       0x20 c:/st/stm32cubeide_1.5.0/stm32cubeide/plugins/com.st.stm32cube.ide.mcu.externaltools.gnu-tools-for-stm32.7-2018-q2-update.win32_1.5.0.202011040924/tools/bin/../lib/gcc/arm-none-eabi/7.3.1/../../../../arm-none-eabi/lib/thumb/v7e-m/fpv4-sp/hard\libc_nano.a(lib_a-sbrkr.o)
                0x0000000008004868                _sbrk_r
 .text.__malloc_lock
                0x0000000008004888        0x2 c:/st/stm32cubeide_1.5.0/stm32cubeide/plugins/com.st.stm32cube.ide.mcu.externaltools.gnu-tools-for-stm32.7-2018-q2-update.win32_1.5.0.202011040924/tools/bin/../lib/gcc/arm-none-eabi/7.3.1/../../../../arm-none-eabi/lib/thumb/v7e-m/fpv4-sp/hard\libc_nano.a(lib_a-mlock.o)
                0x0000000008004888                __malloc_lock
 .text.__malloc_unlock
                0x000000000800488a        0x2 c:/st/stm32cubeide_1.5.0/stm32cubeide/plugins/com.st.stm32cube.ide.mcu.externaltools.gnu-tools-for-stm32.7-2018-q2-update.win32_1.5.0.202011040924/tools/bin/../lib/gcc/arm-none-eabi/7.3.1/../../../../arm-none-eabi/lib/thumb/v7e-m/fpv4-sp/hard\libc_nano.a(lib_a-mlock.o)
                0x000000000800488a                __malloc_unlock
 .text._malloc_usable_size_r
                0x000000000800488c       0x10 c:/st/stm32cubeide_1.5.0/stm32cubeide/plugins/com.st.stm32cube.ide.mcu.externaltools.gnu-tools-for-stm32.7-2018-q2-update.win32_1.5.0.202011040924/tools/bin/../lib/gcc/arm-none-eabi/7.3.1/../../../../arm-none-eabi/lib/thumb/v7e-m/fpv4-sp/hard\libc_nano.a(lib_a-nano-msizer.o)
                0x000000000800488c                _malloc_usable_size_r
 .text.cosf     0x000000000800489c       0x80 c:/st/stm32cubeide_1.5.0/stm32cubeide/plugins/com.st.stm32cube.ide.mcu.externaltools.gnu-tools-for-stm32.7-2018-q2-update.win32_1.5.0.202011040924/tools/bin/../lib/gcc/arm-none-eabi/7.3.1/../../../../arm-none-eabi/lib/thumb/v7e-m/fpv4-sp/hard\libm.a(lib_a-sf_cos.o)
                0x000000000800489c                cosf
 .text.sinf     0x000000000800491c       0x84 c:/st/stm32cubeide_1.5.0/stm32cubeide/plugins/com.st.stm32cube.ide.mcu.externaltools.gnu-tools-for-stm32.7-2018-q2-update.win32_1.5.0.202011040924/tools/bin/../lib/gcc/arm-none-eabi/7.3.1/../../../../arm-none-eabi/lib/thumb/v7e-m/fpv4-sp/hard\libm.a(lib_a-sf_sin.o)
                0x000000000800491c                sinf
 .text.__ieee754_rem_pio2f
                0x00000000080049a0      0x258 c:/st/stm32cubeide_1.5.0/stm32cubeide/plugins/com.st.stm32cube.ide.mcu.externaltools.gnu-tools-for-stm32.7-2018-q2-update.win32_1.5.0.202011040924/tools/bin/../lib/gcc/arm-none-eabi/7.3.1/../../../../arm-none-eabi/lib/thumb/v7e-m/fpv4-sp/hard\libm.a(lib_a-ef_rem_pio2.o)
                0x00000000080049a0                __ieee754_rem_pio2f
 .text.__kernel_cosf
                0x0000000008004bf8       0xbc c:/st/stm32cubeide_1.5.0/stm32cubeide/plugins/com.st.stm32cube.ide.mcu.externaltools.gnu-tools-for-stm32.7-2018-q2-update.win32_1.5.0.202011040924/tools/bin/../lib/gcc/arm-none-eabi/7.3.1/../../../../arm-none-eabi/lib/thumb/v7e-m/fpv4-sp/hard\libm.a(lib_a-kf_cos.o)
                0x0000000008004bf8                __kernel_cosf
 .text.__kernel_rem_pio2f
                0x0000000008004cb4      0x504 c:/st/stm32cubeide_1.5.0/stm32cubeide/plugins/com.st.stm32cube.ide.mcu.externaltools.gnu-tools-for-stm32.7-2018-q2-update.win32_1.5.0.202011040924/tools/bin/../lib/gcc/arm-none-eabi/7.3.1/../../../../arm-none-eabi/lib/thumb/v7e-m/fpv4-sp/hard\libm.a(lib_a-kf_rem_pio2.o)
                0x0000000008004cb4                __kernel_rem_pio2f
 .text.__kernel_sinf
                0x00000000080051b8       0x90 c:/st/stm32cubeide_1.5.0/stm32cubeide/plugins/com.st.stm32cube.ide.mcu.externaltools.gnu-tools-for-stm32.7-2018-q2-update.win32_1.5.0.202011040924/tools/bin/../lib/gcc/arm-none-eabi/7.3.1/../../../../arm-none-eabi/lib/thumb/v7e-m/fpv4-sp/hard\libm.a(lib_a-kf_sin.o)
                0x00000000080051b8                __kernel_sinf
 .text.fabsf    0x0000000008005248        0xe c:/st/stm32cubeide_1.5.0/stm32cubeide/plugins/com.st.stm32cube.ide.mcu.externaltools.gnu-tools-for-stm32.7-2018-q2-update.win32_1.5.0.202011040924/tools/bin/../lib/gcc/arm-none-eabi/7.3.1/../../../../arm-none-eabi/lib/thumb/v7e-m/fpv4-sp/hard\libm.a(lib_a-sf_fabs.o)
                0x0000000008005248                fabsf
 *fill*         0x0000000008005256        0x2 
 .text.floorf   0x0000000008005258       0x84 c:/st/stm32cubeide_1.5.0/stm32cubeide/plugins/com.st.stm32cube.ide.mcu.externaltools.gnu-tools-for-stm32.7-2018-q2-update.win32_1.5.0.202011040924/tools/bin/../lib/gcc/arm-none-eabi/7.3.1/../../../../arm-none-eabi/lib/thumb/v7e-m/fpv4-sp/hard\libm.a(lib_a-sf_floor.o)
                0x0000000008005258                floorf
 .text.scalbnf  0x00000000080052dc       0xc0 c:/st/stm32cubeide_1.5.0/stm32cubeide/plugins/com.st.stm32cube.ide.mcu.externaltools.gnu-tools-for-stm32.7-2018-q2-update.win32_1.5.0.202011040924/tools/bin/../lib/gcc/arm-none-eabi/7.3.1/../../../../arm-none-eabi/lib/thumb/v7e-m/fpv4-sp/hard\libm.a(lib_a-sf_scalbn.o)
                0x00000000080052dc                scalbnf
 .text.copysignf
                0x000000000800539c       0x18 c:/st/stm32cubeide_1.5.0/stm32cubeide/plugins/com.st.stm32cube.ide.mcu.externaltools.gnu-tools-for-stm32.7-2018-q2-update.win32_1.5.0.202011040924/tools/bin/../lib/gcc/arm-none-eabi/7.3.1/../../../../arm-none-eabi/lib/thumb/v7e-m/fpv4-sp/hard\libm.a(lib_a-sf_copysign.o)
                0x000000000800539c                copysignf
 *(.glue_7)
 .glue_7        0x00000000080053b4        0x0 linker stubs
 *(.glue_7t)
 .glue_7t       0x00000000080053b4        0x0 linker stubs
 *(.eh_frame)
 .eh_frame      0x00000000080053b4        0x0 c:/st/stm32cubeide_1.5.0/stm32cubeide/plugins/com.st.stm32cube.ide.mcu.externaltools.gnu-tools-for-stm32.7-2018-q2-update.win32_1.5.0.202011040924/tools/bin/../lib/gcc/arm-none-eabi/7.3.1/thumb/v7e-m/fpv4-sp/hard/crtbegin.o
 *(.init)
 .init          0x00000000080053b4        0x4 c:/st/stm32cubeide_1.5.0/stm32cubeide/plugins/com.st.stm32cube.ide.mcu.externaltools.gnu-tools-for-stm32.7-2018-q2-update.win32_1.5.0.202011040924/tools/bin/../lib/gcc/arm-none-eabi/7.3.1/thumb/v7e-m/fpv4-sp/hard/crti.o
                0x00000000080053b4                _init
 .init          0x00000000080053b8        0x8 c:/st/stm32cubeide_1.5.0/stm32cubeide/plugins/com.st.stm32cube.ide.mcu.externaltools.gnu-tools-for-stm32.7-2018-q2-update.win32_1.5.0.202011040924/tools/bin/../lib/gcc/arm-none-eabi/7.3.1/thumb/v7e-m/fpv4-sp/hard/crtn.o
 *(.fini)
 .fini          0x00000000080053c0        0x4 c:/st/stm32cubeide_1.5.0/stm32cubeide/plugins/com.st.stm32cube.ide.mcu.externaltools.gnu-tools-for-stm32.7-2018-q2-update.win32_1.5.0.202011040924/tools/bin/../lib/gcc/arm-none-eabi/7.3.1/thumb/v7e-m/fpv4-sp/hard/crti.o
                0x00000000080053c0                _fini
 .fini          0x00000000080053c4        0x8 c:/st/stm32cubeide_1.5.0/stm32cubeide/plugins/com.st.stm32cube.ide.mcu.externaltools.gnu-tools-for-stm32.7-2018-q2-update.win32_1.5.0.202011040924/tools/bin/../lib/gcc/arm-none-eabi/7.3.1/thumb/v7e-m/fpv4-sp/hard/crtn.o
                0x00000000080053cc                . = ALIGN (0x4)
                0x00000000080053cc                _etext = .

.vfp11_veneer   0x00000000080053cc        0x0
 .vfp11_veneer  0x00000000080053cc        0x0 linker stubs

.v4_bx          0x00000000080053cc        0x0
 .v4_bx         0x00000000080053cc        0x0 linker stubs

.iplt           0x00000000080053cc        0x0
 .iplt          0x00000000080053cc        0x0 c:/st/stm32cubeide_1.5.0/stm32cubeide/plugins/com.st.stm32cube.ide.mcu.externaltools.gnu-tools-for-stm32.7-2018-q2-update.win32_1.5.0.202011040924/tools/bin/../lib/gcc/arm-none-eabi/7.3.1/thumb/v7e-m/fpv4-sp/hard/crtbegin.o

.rodata         0x00000000080053cc    0x1ddf0
                0x00000000080053cc                . = ALIGN (0x4)
 *(.rodata)
 .rodata        0x00000000080053cc        0xf Core/Src/main.o
 *(.rodata*)
 *fill*         0x00000000080053db        0x1 
 .rodata.Font11x18
                0x00000000080053dc     0x17a0 Core/Src/fonts.o
                0x00000000080053dc                Font11x18
 .rodata.logoRGB
                0x0000000008006b7c    0x1c200 Core/Src/main.o
                0x0000000008006b7c                logoRGB
 .rodata.init_cmds
                0x0000000008022d7c       0x23 Core/Src/st7789.o
 *fill*         0x0000000008022d9f        0x1 
 .rodata.AHBPrescTable
                0x0000000008022da0       0x10 Core/Src/system_stm32f4xx.o
                0x0000000008022da0                AHBPrescTable
 .rodata.APBPrescTable
                0x0000000008022db0        0x8 Core/Src/system_stm32f4xx.o
                0x0000000008022db0                APBPrescTable
 .rodata._svfprintf_r.str1.1
                0x0000000008022db8       0x11 c:/st/stm32cubeide_1.5.0/stm32cubeide/plugins/com.st.stm32cube.ide.mcu.externaltools.gnu-tools-for-stm32.7-2018-q2-update.win32_1.5.0.202011040924/tools/bin/../lib/gcc/arm-none-eabi/7.3.1/../../../../arm-none-eabi/lib/thumb/v7e-m/fpv4-sp/hard\libc_nano.a(lib_a-nano-svfprintf.o)
 .rodata._printf_i.str1.1
                0x0000000008022dc9       0x22 c:/st/stm32cubeide_1.5.0/stm32cubeide/plugins/com.st.stm32cube.ide.mcu.externaltools.gnu-tools-for-stm32.7-2018-q2-update.win32_1.5.0.202011040924/tools/bin/../lib/gcc/arm-none-eabi/7.3.1/../../../../arm-none-eabi/lib/thumb/v7e-m/fpv4-sp/hard\libc_nano.a(lib_a-nano-vfprintf_i.o)
 *fill*         0x0000000008022deb        0x1 
 .rodata.npio2_hw
                0x0000000008022dec       0x80 c:/st/stm32cubeide_1.5.0/stm32cubeide/plugins/com.st.stm32cube.ide.mcu.externaltools.gnu-tools-for-stm32.7-2018-q2-update.win32_1.5.0.202011040924/tools/bin/../lib/gcc/arm-none-eabi/7.3.1/../../../../arm-none-eabi/lib/thumb/v7e-m/fpv4-sp/hard\libm.a(lib_a-ef_rem_pio2.o)
 .rodata.two_over_pi
                0x0000000008022e6c      0x318 c:/st/stm32cubeide_1.5.0/stm32cubeide/plugins/com.st.stm32cube.ide.mcu.externaltools.gnu-tools-for-stm32.7-2018-q2-update.win32_1.5.0.202011040924/tools/bin/../lib/gcc/arm-none-eabi/7.3.1/../../../../arm-none-eabi/lib/thumb/v7e-m/fpv4-sp/hard\libm.a(lib_a-ef_rem_pio2.o)
 .rodata.PIo2   0x0000000008023184       0x2c c:/st/stm32cubeide_1.5.0/stm32cubeide/plugins/com.st.stm32cube.ide.mcu.externaltools.gnu-tools-for-stm32.7-2018-q2-update.win32_1.5.0.202011040924/tools/bin/../lib/gcc/arm-none-eabi/7.3.1/../../../../arm-none-eabi/lib/thumb/v7e-m/fpv4-sp/hard\libm.a(lib_a-kf_rem_pio2.o)
 .rodata.init_jk
                0x00000000080231b0        0xc c:/st/stm32cubeide_1.5.0/stm32cubeide/plugins/com.st.stm32cube.ide.mcu.externaltools.gnu-tools-for-stm32.7-2018-q2-update.win32_1.5.0.202011040924/tools/bin/../lib/gcc/arm-none-eabi/7.3.1/../../../../arm-none-eabi/lib/thumb/v7e-m/fpv4-sp/hard\libm.a(lib_a-kf_rem_pio2.o)
                0x00000000080231bc                . = ALIGN (0x4)

.ARM.extab      0x00000000080231bc        0x0
                0x00000000080231bc                . = ALIGN (0x4)
 *(.ARM.extab* .gnu.linkonce.armextab.*)
                0x00000000080231bc                . = ALIGN (0x4)

.ARM            0x00000000080231bc        0x8
                0x00000000080231bc                . = ALIGN (0x4)
                0x00000000080231bc                __exidx_start = .
 *(.ARM.exidx*)
 .ARM.exidx     0x00000000080231bc        0x8 c:/st/stm32cubeide_1.5.0/stm32cubeide/plugins/com.st.stm32cube.ide.mcu.externaltools.gnu-tools-for-stm32.7-2018-q2-update.win32_1.5.0.202011040924/tools/bin/../lib/gcc/arm-none-eabi/7.3.1/thumb/v7e-m/fpv4-sp/hard\libgcc.a(_udivmoddi4.o)
                0x00000000080231c4                __exidx_end = .
                0x00000000080231c4                . = ALIGN (0x4)

.rel.dyn        0x00000000080231c4        0x0
 .rel.iplt      0x00000000080231c4        0x0 c:/st/stm32cubeide_1.5.0/stm32cubeide/plugins/com.st.stm32cube.ide.mcu.externaltools.gnu-tools-for-stm32.7-2018-q2-update.win32_1.5.0.202011040924/tools/bin/../lib/gcc/arm-none-eabi/7.3.1/thumb/v7e-m/fpv4-sp/hard/crtbegin.o

.preinit_array  0x00000000080231c4        0x0
                0x00000000080231c4                . = ALIGN (0x4)
                0x00000000080231c4                PROVIDE (__preinit_array_start = .)
 *(.preinit_array*)
                0x00000000080231c4                PROVIDE (__preinit_array_end = .)
                0x00000000080231c4                . = ALIGN (0x4)

.init_array     0x00000000080231c4        0x4
                0x00000000080231c4                . = ALIGN (0x4)
                0x00000000080231c4                PROVIDE (__init_array_start = .)
 *(SORT_BY_NAME(.init_array.*))
 *(.init_array*)
 .init_array    0x00000000080231c4        0x4 c:/st/stm32cubeide_1.5.0/stm32cubeide/plugins/com.st.stm32cube.ide.mcu.externaltools.gnu-tools-for-stm32.7-2018-q2-update.win32_1.5.0.202011040924/tools/bin/../lib/gcc/arm-none-eabi/7.3.1/thumb/v7e-m/fpv4-sp/hard/crtbegin.o
                0x00000000080231c8                PROVIDE (__init_array_end = .)
                0x00000000080231c8                . = ALIGN (0x4)

.fini_array     0x00000000080231c8        0x4
                0x00000000080231c8                . = ALIGN (0x4)
                [!provide]                        PROVIDE (__fini_array_start = .)
 *(SORT_BY_NAME(.fini_array.*))
 *(.fini_array*)
 .fini_array    0x00000000080231c8        0x4 c:/st/stm32cubeide_1.5.0/stm32cubeide/plugins/com.st.stm32cube.ide.mcu.externaltools.gnu-tools-for-stm32.7-2018-q2-update.win32_1.5.0.202011040924/tools/bin/../lib/gcc/arm-none-eabi/7.3.1/thumb/v7e-m/fpv4-sp/hard/crtbegin.o
                [!provide]                        PROVIDE (__fini_array_end = .)
                0x00000000080231cc                . = ALIGN (0x4)
                0x00000000080231cc                _sidata = LOADADDR (.data)

.data           0x0000000020000000       0x78 load address 0x00000000080231cc
                0x0000000020000000                . = ALIGN (0x4)
                0x0000000020000000                _sdata = .
 *(.data)
 *(.data*)
 .data.Font_11x18
                0x0000000020000000        0x8 Core/Src/fonts.o
                0x0000000020000000                Font_11x18
 .data.SystemCoreClock
                0x0000000020000008        0x4 Core/Src/system_stm32f4xx.o
                0x0000000020000008                SystemCoreClock
 .data.uwTickPrio
                0x000000002000000c        0x4 Drivers/STM32F4xx_HAL_Driver/Src/stm32f4xx_hal.o
                0x000000002000000c                uwTickPrio
 .data.uwTickFreq
                0x0000000020000010        0x1 Drivers/STM32F4xx_HAL_Driver/Src/stm32f4xx_hal.o
                0x0000000020000010                uwTickFreq
 *fill*         0x0000000020000011        0x3 
 .data._impure_ptr
                0x0000000020000014        0x4 c:/st/stm32cubeide_1.5.0/stm32cubeide/plugins/com.st.stm32cube.ide.mcu.externaltools.gnu-tools-for-stm32.7-2018-q2-update.win32_1.5.0.202011040924/tools/bin/../lib/gcc/arm-none-eabi/7.3.1/../../../../arm-none-eabi/lib/thumb/v7e-m/fpv4-sp/hard\libc_nano.a(lib_a-impure.o)
                0x0000000020000014                _impure_ptr
 .data.impure_data
                0x0000000020000018       0x60 c:/st/stm32cubeide_1.5.0/stm32cubeide/plugins/com.st.stm32cube.ide.mcu.externaltools.gnu-tools-for-stm32.7-2018-q2-update.win32_1.5.0.202011040924/tools/bin/../lib/gcc/arm-none-eabi/7.3.1/../../../../arm-none-eabi/lib/thumb/v7e-m/fpv4-sp/hard\libc_nano.a(lib_a-impure.o)
 *(.RamFunc)
 *(.RamFunc*)
                0x0000000020000078                . = ALIGN (0x4)
                0x0000000020000078                _edata = .

.igot.plt       0x0000000020000078        0x0 load address 0x0000000008023244
 .igot.plt      0x0000000020000078        0x0 c:/st/stm32cubeide_1.5.0/stm32cubeide/plugins/com.st.stm32cube.ide.mcu.externaltools.gnu-tools-for-stm32.7-2018-q2-update.win32_1.5.0.202011040924/tools/bin/../lib/gcc/arm-none-eabi/7.3.1/thumb/v7e-m/fpv4-sp/hard/crtbegin.o
                0x0000000020000078                . = ALIGN (0x4)

.bss            0x0000000020000078      0x1a8 load address 0x0000000008023244
                0x0000000020000078                _sbss = .
                0x0000000020000078                __bss_start__ = _sbss
 *(.bss)
 .bss           0x0000000020000078       0x1c c:/st/stm32cubeide_1.5.0/stm32cubeide/plugins/com.st.stm32cube.ide.mcu.externaltools.gnu-tools-for-stm32.7-2018-q2-update.win32_1.5.0.202011040924/tools/bin/../lib/gcc/arm-none-eabi/7.3.1/thumb/v7e-m/fpv4-sp/hard/crtbegin.o
 *(.bss*)
 .bss.ST7789_X_Start
                0x0000000020000094        0x2 Core/Src/st7789.o
                0x0000000020000094                ST7789_X_Start
 .bss.ST7789_Y_Start
                0x0000000020000096        0x2 Core/Src/st7789.o
                0x0000000020000096                ST7789_Y_Start
 .bss.ST7789_Width
                0x0000000020000098        0x2 Core/Src/st7789.o
                0x0000000020000098                ST7789_Width
 .bss.ST7789_Height
                0x000000002000009a        0x2 Core/Src/st7789.o
                0x000000002000009a                ST7789_Height
 .bss.__sbrk_heap_end
                0x000000002000009c        0x4 Core/Src/sysmem.o
 .bss.pxCurrentTCB
                0x00000000200000a0        0x4 Middlewares/Third_Party/FreeRTOS/Source/tasks.o
                0x00000000200000a0                pxCurrentTCB
 .bss.pxReadyTasksLists
                0x00000000200000a4       0x8c Middlewares/Third_Party/FreeRTOS/Source/tasks.o
 .bss.pxDelayedTaskList
                0x0000000020000130        0x4 Middlewares/Third_Party/FreeRTOS/Source/tasks.o
 .bss.pxOverflowDelayedTaskList
                0x0000000020000134        0x4 Middlewares/Third_Party/FreeRTOS/Source/tasks.o
 .bss.xTickCount
                0x0000000020000138        0x4 Middlewares/Third_Party/FreeRTOS/Source/tasks.o
 .bss.uxTopReadyPriority
                0x000000002000013c        0x4 Middlewares/Third_Party/FreeRTOS/Source/tasks.o
 .bss.uxPendedTicks
                0x0000000020000140        0x4 Middlewares/Third_Party/FreeRTOS/Source/tasks.o
 .bss.xYieldPending
                0x0000000020000144        0x4 Middlewares/Third_Party/FreeRTOS/Source/tasks.o
 .bss.xNumOfOverflows
                0x0000000020000148        0x4 Middlewares/Third_Party/FreeRTOS/Source/tasks.o
 .bss.xNextTaskUnblockTime
                0x000000002000014c        0x4 Middlewares/Third_Party/FreeRTOS/Source/tasks.o
 .bss.uxSchedulerSuspended
                0x0000000020000150        0x4 Middlewares/Third_Party/FreeRTOS/Source/tasks.o
 .bss.__malloc_free_list
                0x0000000020000154        0x4 c:/st/stm32cubeide_1.5.0/stm32cubeide/plugins/com.st.stm32cube.ide.mcu.externaltools.gnu-tools-for-stm32.7-2018-q2-update.win32_1.5.0.202011040924/tools/bin/../lib/gcc/arm-none-eabi/7.3.1/../../../../arm-none-eabi/lib/thumb/v7e-m/fpv4-sp/hard\libc_nano.a(lib_a-nano-mallocr.o)
                0x0000000020000154                __malloc_free_list
 .bss.__malloc_sbrk_start
                0x0000000020000158        0x4 c:/st/stm32cubeide_1.5.0/stm32cubeide/plugins/com.st.stm32cube.ide.mcu.externaltools.gnu-tools-for-stm32.7-2018-q2-update.win32_1.5.0.202011040924/tools/bin/../lib/gcc/arm-none-eabi/7.3.1/../../../../arm-none-eabi/lib/thumb/v7e-m/fpv4-sp/hard\libc_nano.a(lib_a-nano-mallocr.o)
                0x0000000020000158                __malloc_sbrk_start
 *(COMMON)
 COMMON         0x000000002000015c       0x7c Core/Src/main.o
                0x000000002000015c                hspi2
                0x00000000200001b4                blinkLEDTaskHandle
                0x00000000200001b8                hrtc
 COMMON         0x00000000200001d8       0x40 Core/Src/stm32f4xx_hal_timebase_tim.o
                0x00000000200001d8                htim7
 COMMON         0x0000000020000218        0x4 Drivers/STM32F4xx_HAL_Driver/Src/stm32f4xx_hal.o
                0x0000000020000218                uwTick
 COMMON         0x000000002000021c        0x4 c:/st/stm32cubeide_1.5.0/stm32cubeide/plugins/com.st.stm32cube.ide.mcu.externaltools.gnu-tools-for-stm32.7-2018-q2-update.win32_1.5.0.202011040924/tools/bin/../lib/gcc/arm-none-eabi/7.3.1/../../../../arm-none-eabi/lib/thumb/v7e-m/fpv4-sp/hard\libc_nano.a(lib_a-reent.o)
                0x000000002000021c                errno
                0x0000000020000220                . = ALIGN (0x4)
                0x0000000020000220                _ebss = .
                0x0000000020000220                __bss_end__ = _ebss

._user_heap_stack
                0x0000000020000220      0x600 load address 0x0000000008023244
                0x0000000020000220                . = ALIGN (0x8)
                [!provide]                        PROVIDE (end = .)
                0x0000000020000220                PROVIDE (_end = .)
                0x0000000020000420                . = (. + _Min_Heap_Size)
 *fill*         0x0000000020000220      0x200 
                0x0000000020000820                . = (. + _Min_Stack_Size)
 *fill*         0x0000000020000420      0x400 
                0x0000000020000820                . = ALIGN (0x8)

/DISCARD/
 libc.a(*)
 libm.a(*)
 libgcc.a(*)

.ARM.attributes
                0x0000000000000000       0x30
 *(.ARM.attributes)
 .ARM.attributes
                0x0000000000000000       0x22 c:/st/stm32cubeide_1.5.0/stm32cubeide/plugins/com.st.stm32cube.ide.mcu.externaltools.gnu-tools-for-stm32.7-2018-q2-update.win32_1.5.0.202011040924/tools/bin/../lib/gcc/arm-none-eabi/7.3.1/thumb/v7e-m/fpv4-sp/hard/crti.o
 .ARM.attributes
                0x0000000000000022       0x34 c:/st/stm32cubeide_1.5.0/stm32cubeide/plugins/com.st.stm32cube.ide.mcu.externaltools.gnu-tools-for-stm32.7-2018-q2-update.win32_1.5.0.202011040924/tools/bin/../lib/gcc/arm-none-eabi/7.3.1/thumb/v7e-m/fpv4-sp/hard/crtbegin.o
 .ARM.attributes
                0x0000000000000056       0x39 Core/Src/fonts.o
 .ARM.attributes
                0x000000000000008f       0x39 Core/Src/main.o
 .ARM.attributes
                0x00000000000000c8       0x39 Core/Src/st7789.o
 .ARM.attributes
                0x0000000000000101       0x39 Core/Src/stm32f4xx_hal_msp.o
 .ARM.attributes
                0x000000000000013a       0x39 Core/Src/stm32f4xx_hal_timebase_tim.o
 .ARM.attributes
                0x0000000000000173       0x39 Core/Src/stm32f4xx_it.o
 .ARM.attributes
                0x00000000000001ac       0x39 Core/Src/sysmem.o
 .ARM.attributes
                0x00000000000001e5       0x39 Core/Src/system_stm32f4xx.o
 .ARM.attributes
                0x000000000000021e       0x21 Core/Startup/startup_stm32f407vetx.o
 .ARM.attributes
                0x000000000000023f       0x39 Drivers/STM32F4xx_HAL_Driver/Src/stm32f4xx_hal.o
 .ARM.attributes
                0x0000000000000278       0x39 Drivers/STM32F4xx_HAL_Driver/Src/stm32f4xx_hal_cortex.o
 .ARM.attributes
                0x00000000000002b1       0x39 Drivers/STM32F4xx_HAL_Driver/Src/stm32f4xx_hal_gpio.o
 .ARM.attributes
                0x00000000000002ea       0x39 Drivers/STM32F4xx_HAL_Driver/Src/stm32f4xx_hal_rcc.o
 .ARM.attributes
                0x0000000000000323       0x39 Drivers/STM32F4xx_HAL_Driver/Src/stm32f4xx_hal_rcc_ex.o
 .ARM.attributes
                0x000000000000035c       0x39 Drivers/STM32F4xx_HAL_Driver/Src/stm32f4xx_hal_rtc.o
 .ARM.attributes
                0x0000000000000395       0x39 Drivers/STM32F4xx_HAL_Driver/Src/stm32f4xx_hal_spi.o
 .ARM.attributes
                0x00000000000003ce       0x39 Drivers/STM32F4xx_HAL_Driver/Src/stm32f4xx_hal_tim.o
 .ARM.attributes
                0x0000000000000407       0x39 Drivers/STM32F4xx_HAL_Driver/Src/stm32f4xx_hal_tim_ex.o
 .ARM.attributes
                0x0000000000000440       0x39 Middlewares/Third_Party/FreeRTOS/Source/list.o
 .ARM.attributes
                0x0000000000000479       0x39 Middlewares/Third_Party/FreeRTOS/Source/tasks.o
 .ARM.attributes
                0x00000000000004b2       0x39 Middlewares/Third_Party/FreeRTOS/Source/portable/GCC/ARM_CM4F/port.o
 .ARM.attributes
                0x00000000000004eb       0x34 c:/st/stm32cubeide_1.5.0/stm32cubeide/plugins/com.st.stm32cube.ide.mcu.externaltools.gnu-tools-for-stm32.7-2018-q2-update.win32_1.5.0.202011040924/tools/bin/../lib/gcc/arm-none-eabi/7.3.1/../../../../arm-none-eabi/lib/thumb/v7e-m/fpv4-sp/hard\libc_nano.a(lib_a-errno.o)
 .ARM.attributes
                0x000000000000051f       0x34 c:/st/stm32cubeide_1.5.0/stm32cubeide/plugins/com.st.stm32cube.ide.mcu.externaltools.gnu-tools-for-stm32.7-2018-q2-update.win32_1.5.0.202011040924/tools/bin/../lib/gcc/arm-none-eabi/7.3.1/../../../../arm-none-eabi/lib/thumb/v7e-m/fpv4-sp/hard\libc_nano.a(lib_a-impure.o)
 .ARM.attributes
                0x0000000000000553       0x34 c:/st/stm32cubeide_1.5.0/stm32cubeide/plugins/com.st.stm32cube.ide.mcu.externaltools.gnu-tools-for-stm32.7-2018-q2-update.win32_1.5.0.202011040924/tools/bin/../lib/gcc/arm-none-eabi/7.3.1/../../../../arm-none-eabi/lib/thumb/v7e-m/fpv4-sp/hard\libc_nano.a(lib_a-init.o)
 .ARM.attributes
                0x0000000000000587       0x34 c:/st/stm32cubeide_1.5.0/stm32cubeide/plugins/com.st.stm32cube.ide.mcu.externaltools.gnu-tools-for-stm32.7-2018-q2-update.win32_1.5.0.202011040924/tools/bin/../lib/gcc/arm-none-eabi/7.3.1/../../../../arm-none-eabi/lib/thumb/v7e-m/fpv4-sp/hard\libc_nano.a(lib_a-memcpy-stub.o)
 .ARM.attributes
                0x00000000000005bb       0x34 c:/st/stm32cubeide_1.5.0/stm32cubeide/plugins/com.st.stm32cube.ide.mcu.externaltools.gnu-tools-for-stm32.7-2018-q2-update.win32_1.5.0.202011040924/tools/bin/../lib/gcc/arm-none-eabi/7.3.1/../../../../arm-none-eabi/lib/thumb/v7e-m/fpv4-sp/hard\libc_nano.a(lib_a-memset.o)
 .ARM.attributes
                0x00000000000005ef       0x34 c:/st/stm32cubeide_1.5.0/stm32cubeide/plugins/com.st.stm32cube.ide.mcu.externaltools.gnu-tools-for-stm32.7-2018-q2-update.win32_1.5.0.202011040924/tools/bin/../lib/gcc/arm-none-eabi/7.3.1/../../../../arm-none-eabi/lib/thumb/v7e-m/fpv4-sp/hard\libc_nano.a(lib_a-sprintf.o)
 .ARM.attributes
                0x0000000000000623       0x1b c:/st/stm32cubeide_1.5.0/stm32cubeide/plugins/com.st.stm32cube.ide.mcu.externaltools.gnu-tools-for-stm32.7-2018-q2-update.win32_1.5.0.202011040924/tools/bin/../lib/gcc/arm-none-eabi/7.3.1/../../../../arm-none-eabi/lib/thumb/v7e-m/fpv4-sp/hard\libc_nano.a(lib_a-strlen.o)
 .ARM.attributes
                0x000000000000063e       0x34 c:/st/stm32cubeide_1.5.0/stm32cubeide/plugins/com.st.stm32cube.ide.mcu.externaltools.gnu-tools-for-stm32.7-2018-q2-update.win32_1.5.0.202011040924/tools/bin/../lib/gcc/arm-none-eabi/7.3.1/../../../../arm-none-eabi/lib/thumb/v7e-m/fpv4-sp/hard\libc_nano.a(lib_a-nano-svfprintf.o)
 .ARM.attributes
                0x0000000000000672       0x34 c:/st/stm32cubeide_1.5.0/stm32cubeide/plugins/com.st.stm32cube.ide.mcu.externaltools.gnu-tools-for-stm32.7-2018-q2-update.win32_1.5.0.202011040924/tools/bin/../lib/gcc/arm-none-eabi/7.3.1/../../../../arm-none-eabi/lib/thumb/v7e-m/fpv4-sp/hard\libc_nano.a(lib_a-nano-vfprintf_i.o)
 .ARM.attributes
                0x00000000000006a6       0x20 c:/st/stm32cubeide_1.5.0/stm32cubeide/plugins/com.st.stm32cube.ide.mcu.externaltools.gnu-tools-for-stm32.7-2018-q2-update.win32_1.5.0.202011040924/tools/bin/../lib/gcc/arm-none-eabi/7.3.1/../../../../arm-none-eabi/lib/thumb/v7e-m/fpv4-sp/hard\libc_nano.a(lib_a-memchr.o)
 .ARM.attributes
                0x00000000000006c6       0x34 c:/st/stm32cubeide_1.5.0/stm32cubeide/plugins/com.st.stm32cube.ide.mcu.externaltools.gnu-tools-for-stm32.7-2018-q2-update.win32_1.5.0.202011040924/tools/bin/../lib/gcc/arm-none-eabi/7.3.1/../../../../arm-none-eabi/lib/thumb/v7e-m/fpv4-sp/hard\libc_nano.a(lib_a-memmove.o)
 .ARM.attributes
                0x00000000000006fa       0x34 c:/st/stm32cubeide_1.5.0/stm32cubeide/plugins/com.st.stm32cube.ide.mcu.externaltools.gnu-tools-for-stm32.7-2018-q2-update.win32_1.5.0.202011040924/tools/bin/../lib/gcc/arm-none-eabi/7.3.1/../../../../arm-none-eabi/lib/thumb/v7e-m/fpv4-sp/hard\libc_nano.a(lib_a-nano-freer.o)
 .ARM.attributes
                0x000000000000072e       0x34 c:/st/stm32cubeide_1.5.0/stm32cubeide/plugins/com.st.stm32cube.ide.mcu.externaltools.gnu-tools-for-stm32.7-2018-q2-update.win32_1.5.0.202011040924/tools/bin/../lib/gcc/arm-none-eabi/7.3.1/../../../../arm-none-eabi/lib/thumb/v7e-m/fpv4-sp/hard\libc_nano.a(lib_a-nano-mallocr.o)
 .ARM.attributes
                0x0000000000000762       0x34 c:/st/stm32cubeide_1.5.0/stm32cubeide/plugins/com.st.stm32cube.ide.mcu.externaltools.gnu-tools-for-stm32.7-2018-q2-update.win32_1.5.0.202011040924/tools/bin/../lib/gcc/arm-none-eabi/7.3.1/../../../../arm-none-eabi/lib/thumb/v7e-m/fpv4-sp/hard\libc_nano.a(lib_a-nano-reallocr.o)
 .ARM.attributes
                0x0000000000000796       0x34 c:/st/stm32cubeide_1.5.0/stm32cubeide/plugins/com.st.stm32cube.ide.mcu.externaltools.gnu-tools-for-stm32.7-2018-q2-update.win32_1.5.0.202011040924/tools/bin/../lib/gcc/arm-none-eabi/7.3.1/../../../../arm-none-eabi/lib/thumb/v7e-m/fpv4-sp/hard\libc_nano.a(lib_a-sbrkr.o)
 .ARM.attributes
                0x00000000000007ca       0x34 c:/st/stm32cubeide_1.5.0/stm32cubeide/plugins/com.st.stm32cube.ide.mcu.externaltools.gnu-tools-for-stm32.7-2018-q2-update.win32_1.5.0.202011040924/tools/bin/../lib/gcc/arm-none-eabi/7.3.1/../../../../arm-none-eabi/lib/thumb/v7e-m/fpv4-sp/hard\libc_nano.a(lib_a-mlock.o)
 .ARM.attributes
                0x00000000000007fe       0x34 c:/st/stm32cubeide_1.5.0/stm32cubeide/plugins/com.st.stm32cube.ide.mcu.externaltools.gnu-tools-for-stm32.7-2018-q2-update.win32_1.5.0.202011040924/tools/bin/../lib/gcc/arm-none-eabi/7.3.1/../../../../arm-none-eabi/lib/thumb/v7e-m/fpv4-sp/hard\libc_nano.a(lib_a-nano-msizer.o)
 .ARM.attributes
                0x0000000000000832       0x34 c:/st/stm32cubeide_1.5.0/stm32cubeide/plugins/com.st.stm32cube.ide.mcu.externaltools.gnu-tools-for-stm32.7-2018-q2-update.win32_1.5.0.202011040924/tools/bin/../lib/gcc/arm-none-eabi/7.3.1/../../../../arm-none-eabi/lib/thumb/v7e-m/fpv4-sp/hard\libc_nano.a(lib_a-reent.o)
 .ARM.attributes
                0x0000000000000866       0x34 c:/st/stm32cubeide_1.5.0/stm32cubeide/plugins/com.st.stm32cube.ide.mcu.externaltools.gnu-tools-for-stm32.7-2018-q2-update.win32_1.5.0.202011040924/tools/bin/../lib/gcc/arm-none-eabi/7.3.1/../../../../arm-none-eabi/lib/thumb/v7e-m/fpv4-sp/hard\libm.a(lib_a-sf_cos.o)
 .ARM.attributes
                0x000000000000089a       0x34 c:/st/stm32cubeide_1.5.0/stm32cubeide/plugins/com.st.stm32cube.ide.mcu.externaltools.gnu-tools-for-stm32.7-2018-q2-update.win32_1.5.0.202011040924/tools/bin/../lib/gcc/arm-none-eabi/7.3.1/../../../../arm-none-eabi/lib/thumb/v7e-m/fpv4-sp/hard\libm.a(lib_a-sf_sin.o)
 .ARM.attributes
                0x00000000000008ce       0x34 c:/st/stm32cubeide_1.5.0/stm32cubeide/plugins/com.st.stm32cube.ide.mcu.externaltools.gnu-tools-for-stm32.7-2018-q2-update.win32_1.5.0.202011040924/tools/bin/../lib/gcc/arm-none-eabi/7.3.1/../../../../arm-none-eabi/lib/thumb/v7e-m/fpv4-sp/hard\libm.a(lib_a-ef_rem_pio2.o)
 .ARM.attributes
                0x0000000000000902       0x34 c:/st/stm32cubeide_1.5.0/stm32cubeide/plugins/com.st.stm32cube.ide.mcu.externaltools.gnu-tools-for-stm32.7-2018-q2-update.win32_1.5.0.202011040924/tools/bin/../lib/gcc/arm-none-eabi/7.3.1/../../../../arm-none-eabi/lib/thumb/v7e-m/fpv4-sp/hard\libm.a(lib_a-kf_cos.o)
 .ARM.attributes
                0x0000000000000936       0x34 c:/st/stm32cubeide_1.5.0/stm32cubeide/plugins/com.st.stm32cube.ide.mcu.externaltools.gnu-tools-for-stm32.7-2018-q2-update.win32_1.5.0.202011040924/tools/bin/../lib/gcc/arm-none-eabi/7.3.1/../../../../arm-none-eabi/lib/thumb/v7e-m/fpv4-sp/hard\libm.a(lib_a-kf_rem_pio2.o)
 .ARM.attributes
                0x000000000000096a       0x34 c:/st/stm32cubeide_1.5.0/stm32cubeide/plugins/com.st.stm32cube.ide.mcu.externaltools.gnu-tools-for-stm32.7-2018-q2-update.win32_1.5.0.202011040924/tools/bin/../lib/gcc/arm-none-eabi/7.3.1/../../../../arm-none-eabi/lib/thumb/v7e-m/fpv4-sp/hard\libm.a(lib_a-kf_sin.o)
 .ARM.attributes
                0x000000000000099e       0x34 c:/st/stm32cubeide_1.5.0/stm32cubeide/plugins/com.st.stm32cube.ide.mcu.externaltools.gnu-tools-for-stm32.7-2018-q2-update.win32_1.5.0.202011040924/tools/bin/../lib/gcc/arm-none-eabi/7.3.1/../../../../arm-none-eabi/lib/thumb/v7e-m/fpv4-sp/hard\libm.a(lib_a-sf_fabs.o)
 .ARM.attributes
                0x00000000000009d2       0x34 c:/st/stm32cubeide_1.5.0/stm32cubeide/plugins/com.st.stm32cube.ide.mcu.externaltools.gnu-tools-for-stm32.7-2018-q2-update.win32_1.5.0.202011040924/tools/bin/../lib/gcc/arm-none-eabi/7.3.1/../../../../arm-none-eabi/lib/thumb/v7e-m/fpv4-sp/hard\libm.a(lib_a-sf_floor.o)
 .ARM.attributes
                0x0000000000000a06       0x34 c:/st/stm32cubeide_1.5.0/stm32cubeide/plugins/com.st.stm32cube.ide.mcu.externaltools.gnu-tools-for-stm32.7-2018-q2-update.win32_1.5.0.202011040924/tools/bin/../lib/gcc/arm-none-eabi/7.3.1/../../../../arm-none-eabi/lib/thumb/v7e-m/fpv4-sp/hard\libm.a(lib_a-sf_scalbn.o)
 .ARM.attributes
                0x0000000000000a3a       0x34 c:/st/stm32cubeide_1.5.0/stm32cubeide/plugins/com.st.stm32cube.ide.mcu.externaltools.gnu-tools-for-stm32.7-2018-q2-update.win32_1.5.0.202011040924/tools/bin/../lib/gcc/arm-none-eabi/7.3.1/../../../../arm-none-eabi/lib/thumb/v7e-m/fpv4-sp/hard\libm.a(lib_a-sf_copysign.o)
 .ARM.attributes
                0x0000000000000a6e       0x22 c:/st/stm32cubeide_1.5.0/stm32cubeide/plugins/com.st.stm32cube.ide.mcu.externaltools.gnu-tools-for-stm32.7-2018-q2-update.win32_1.5.0.202011040924/tools/bin/../lib/gcc/arm-none-eabi/7.3.1/thumb/v7e-m/fpv4-sp/hard\libgcc.a(_aeabi_uldivmod.o)
 .ARM.attributes
                0x0000000000000a90       0x34 c:/st/stm32cubeide_1.5.0/stm32cubeide/plugins/com.st.stm32cube.ide.mcu.externaltools.gnu-tools-for-stm32.7-2018-q2-update.win32_1.5.0.202011040924/tools/bin/../lib/gcc/arm-none-eabi/7.3.1/thumb/v7e-m/fpv4-sp/hard\libgcc.a(_udivmoddi4.o)
 .ARM.attributes
                0x0000000000000ac4       0x22 c:/st/stm32cubeide_1.5.0/stm32cubeide/plugins/com.st.stm32cube.ide.mcu.externaltools.gnu-tools-for-stm32.7-2018-q2-update.win32_1.5.0.202011040924/tools/bin/../lib/gcc/arm-none-eabi/7.3.1/thumb/v7e-m/fpv4-sp/hard\libgcc.a(_dvmd_tls.o)
 .ARM.attributes
                0x0000000000000ae6       0x22 c:/st/stm32cubeide_1.5.0/stm32cubeide/plugins/com.st.stm32cube.ide.mcu.externaltools.gnu-tools-for-stm32.7-2018-q2-update.win32_1.5.0.202011040924/tools/bin/../lib/gcc/arm-none-eabi/7.3.1/thumb/v7e-m/fpv4-sp/hard/crtn.o
OUTPUT(LCD_ST7789.elf elf32-littlearm)

.debug_info     0x0000000000000000    0x13e4b
 .debug_info    0x0000000000000000      0xbaa Core/Src/fonts.o
 .debug_info    0x0000000000000baa     0x1fb5 Core/Src/main.o
 .debug_info    0x0000000000002b5f     0x285e Core/Src/st7789.o
 .debug_info    0x00000000000053bd      0xf53 Core/Src/stm32f4xx_hal_msp.o
 .debug_info    0x0000000000006310      0xb2d Core/Src/stm32f4xx_hal_timebase_tim.o
 .debug_info    0x0000000000006e3d      0x6b8 Core/Src/stm32f4xx_it.o
 .debug_info    0x00000000000074f5      0x985 Core/Src/sysmem.o
 .debug_info    0x0000000000007e7a      0x554 Core/Src/system_stm32f4xx.o
 .debug_info    0x00000000000083ce       0x22 Core/Startup/startup_stm32f407vetx.o
 .debug_info    0x00000000000083f0      0x945 Drivers/STM32F4xx_HAL_Driver/Src/stm32f4xx_hal.o
 .debug_info    0x0000000000008d35      0xe28 Drivers/STM32F4xx_HAL_Driver/Src/stm32f4xx_hal_cortex.o
 .debug_info    0x0000000000009b5d      0x7b5 Drivers/STM32F4xx_HAL_Driver/Src/stm32f4xx_hal_gpio.o
 .debug_info    0x000000000000a312      0x904 Drivers/STM32F4xx_HAL_Driver/Src/stm32f4xx_hal_rcc.o
 .debug_info    0x000000000000ac16      0x5ae Drivers/STM32F4xx_HAL_Driver/Src/stm32f4xx_hal_rcc_ex.o
 .debug_info    0x000000000000b1c4      0xbbb Drivers/STM32F4xx_HAL_Driver/Src/stm32f4xx_hal_rtc.o
 .debug_info    0x000000000000bd7f     0x163a Drivers/STM32F4xx_HAL_Driver/Src/stm32f4xx_hal_spi.o
 .debug_info    0x000000000000d3b9     0x24a9 Drivers/STM32F4xx_HAL_Driver/Src/stm32f4xx_hal_tim.o
 .debug_info    0x000000000000f862     0x1157 Drivers/STM32F4xx_HAL_Driver/Src/stm32f4xx_hal_tim_ex.o
 .debug_info    0x00000000000109b9      0xacb Middlewares/Third_Party/FreeRTOS/Source/list.o
 .debug_info    0x0000000000011484     0x2494 Middlewares/Third_Party/FreeRTOS/Source/tasks.o
 .debug_info    0x0000000000013918      0x533 Middlewares/Third_Party/FreeRTOS/Source/portable/GCC/ARM_CM4F/port.o

.debug_abbrev   0x0000000000000000     0x290d
 .debug_abbrev  0x0000000000000000      0x1ef Core/Src/fonts.o
 .debug_abbrev  0x00000000000001ef      0x2e0 Core/Src/main.o
 .debug_abbrev  0x00000000000004cf      0x31b Core/Src/st7789.o
 .debug_abbrev  0x00000000000007ea      0x1af Core/Src/stm32f4xx_hal_msp.o
 .debug_abbrev  0x0000000000000999      0x19d Core/Src/stm32f4xx_hal_timebase_tim.o
 .debug_abbrev  0x0000000000000b36      0x15a Core/Src/stm32f4xx_it.o
 .debug_abbrev  0x0000000000000c90      0x19b Core/Src/sysmem.o
 .debug_abbrev  0x0000000000000e2b      0x12b Core/Src/system_stm32f4xx.o
 .debug_abbrev  0x0000000000000f56       0x12 Core/Startup/startup_stm32f407vetx.o
 .debug_abbrev  0x0000000000000f68      0x1c7 Drivers/STM32F4xx_HAL_Driver/Src/stm32f4xx_hal.o
 .debug_abbrev  0x000000000000112f      0x2fa Drivers/STM32F4xx_HAL_Driver/Src/stm32f4xx_hal_cortex.o
 .debug_abbrev  0x0000000000001429      0x1c9 Drivers/STM32F4xx_HAL_Driver/Src/stm32f4xx_hal_gpio.o
 .debug_abbrev  0x00000000000015f2      0x245 Drivers/STM32F4xx_HAL_Driver/Src/stm32f4xx_hal_rcc.o
 .debug_abbrev  0x0000000000001837      0x173 Drivers/STM32F4xx_HAL_Driver/Src/stm32f4xx_hal_rcc_ex.o
 .debug_abbrev  0x00000000000019aa      0x1be Drivers/STM32F4xx_HAL_Driver/Src/stm32f4xx_hal_rtc.o
 .debug_abbrev  0x0000000000001b68      0x240 Drivers/STM32F4xx_HAL_Driver/Src/stm32f4xx_hal_spi.o
 .debug_abbrev  0x0000000000001da8      0x230 Drivers/STM32F4xx_HAL_Driver/Src/stm32f4xx_hal_tim.o
 .debug_abbrev  0x0000000000001fd8      0x21e Drivers/STM32F4xx_HAL_Driver/Src/stm32f4xx_hal_tim_ex.o
 .debug_abbrev  0x00000000000021f6      0x1cf Middlewares/Third_Party/FreeRTOS/Source/list.o
 .debug_abbrev  0x00000000000023c5      0x338 Middlewares/Third_Party/FreeRTOS/Source/tasks.o
 .debug_abbrev  0x00000000000026fd      0x210 Middlewares/Third_Party/FreeRTOS/Source/portable/GCC/ARM_CM4F/port.o

.debug_aranges  0x0000000000000000     0x1068
 .debug_aranges
                0x0000000000000000       0x20 Core/Src/fonts.o
 .debug_aranges
                0x0000000000000020       0x58 Core/Src/main.o
 .debug_aranges
                0x0000000000000078      0x1a8 Core/Src/st7789.o
 .debug_aranges
                0x0000000000000220       0x40 Core/Src/stm32f4xx_hal_msp.o
 .debug_aranges
                0x0000000000000260       0x30 Core/Src/stm32f4xx_hal_timebase_tim.o
 .debug_aranges
                0x0000000000000290       0x50 Core/Src/stm32f4xx_it.o
 .debug_aranges
                0x00000000000002e0       0x20 Core/Src/sysmem.o
 .debug_aranges
                0x0000000000000300       0x28 Core/Src/system_stm32f4xx.o
 .debug_aranges
                0x0000000000000328       0x28 Core/Startup/startup_stm32f407vetx.o
 .debug_aranges
                0x0000000000000350       0xf0 Drivers/STM32F4xx_HAL_Driver/Src/stm32f4xx_hal.o
 .debug_aranges
                0x0000000000000440      0x118 Drivers/STM32F4xx_HAL_Driver/Src/stm32f4xx_hal_cortex.o
 .debug_aranges
                0x0000000000000558       0x58 Drivers/STM32F4xx_HAL_Driver/Src/stm32f4xx_hal_gpio.o
 .debug_aranges
                0x00000000000005b0       0x88 Drivers/STM32F4xx_HAL_Driver/Src/stm32f4xx_hal_rcc.o
 .debug_aranges
                0x0000000000000638       0x48 Drivers/STM32F4xx_HAL_Driver/Src/stm32f4xx_hal_rcc_ex.o
 .debug_aranges
                0x0000000000000680       0xb8 Drivers/STM32F4xx_HAL_Driver/Src/stm32f4xx_hal_rtc.o
 .debug_aranges
                0x0000000000000738      0x1d0 Drivers/STM32F4xx_HAL_Driver/Src/stm32f4xx_hal_spi.o
 .debug_aranges
                0x0000000000000908      0x3a8 Drivers/STM32F4xx_HAL_Driver/Src/stm32f4xx_hal_tim.o
 .debug_aranges
                0x0000000000000cb0      0x150 Drivers/STM32F4xx_HAL_Driver/Src/stm32f4xx_hal_tim_ex.o
 .debug_aranges
                0x0000000000000e00       0x40 Middlewares/Third_Party/FreeRTOS/Source/list.o
 .debug_aranges
                0x0000000000000e40      0x1a8 Middlewares/Third_Party/FreeRTOS/Source/tasks.o
 .debug_aranges
                0x0000000000000fe8       0x80 Middlewares/Third_Party/FreeRTOS/Source/portable/GCC/ARM_CM4F/port.o

.debug_ranges   0x0000000000000000      0xf20
 .debug_ranges  0x0000000000000000       0x10 Core/Src/fonts.o
 .debug_ranges  0x0000000000000010       0x48 Core/Src/main.o
 .debug_ranges  0x0000000000000058      0x198 Core/Src/st7789.o
 .debug_ranges  0x00000000000001f0       0x30 Core/Src/stm32f4xx_hal_msp.o
 .debug_ranges  0x0000000000000220       0x20 Core/Src/stm32f4xx_hal_timebase_tim.o
 .debug_ranges  0x0000000000000240       0x40 Core/Src/stm32f4xx_it.o
 .debug_ranges  0x0000000000000280       0x10 Core/Src/sysmem.o
 .debug_ranges  0x0000000000000290       0x18 Core/Src/system_stm32f4xx.o
 .debug_ranges  0x00000000000002a8       0x20 Core/Startup/startup_stm32f407vetx.o
 .debug_ranges  0x00000000000002c8       0xe0 Drivers/STM32F4xx_HAL_Driver/Src/stm32f4xx_hal.o
 .debug_ranges  0x00000000000003a8      0x108 Drivers/STM32F4xx_HAL_Driver/Src/stm32f4xx_hal_cortex.o
 .debug_ranges  0x00000000000004b0       0x48 Drivers/STM32F4xx_HAL_Driver/Src/stm32f4xx_hal_gpio.o
 .debug_ranges  0x00000000000004f8       0x78 Drivers/STM32F4xx_HAL_Driver/Src/stm32f4xx_hal_rcc.o
 .debug_ranges  0x0000000000000570       0x38 Drivers/STM32F4xx_HAL_Driver/Src/stm32f4xx_hal_rcc_ex.o
 .debug_ranges  0x00000000000005a8       0xa8 Drivers/STM32F4xx_HAL_Driver/Src/stm32f4xx_hal_rtc.o
 .debug_ranges  0x0000000000000650      0x1c0 Drivers/STM32F4xx_HAL_Driver/Src/stm32f4xx_hal_spi.o
 .debug_ranges  0x0000000000000810      0x398 Drivers/STM32F4xx_HAL_Driver/Src/stm32f4xx_hal_tim.o
 .debug_ranges  0x0000000000000ba8      0x140 Drivers/STM32F4xx_HAL_Driver/Src/stm32f4xx_hal_tim_ex.o
 .debug_ranges  0x0000000000000ce8       0x30 Middlewares/Third_Party/FreeRTOS/Source/list.o
 .debug_ranges  0x0000000000000d18      0x198 Middlewares/Third_Party/FreeRTOS/Source/tasks.o
 .debug_ranges  0x0000000000000eb0       0x70 Middlewares/Third_Party/FreeRTOS/Source/portable/GCC/ARM_CM4F/port.o

.debug_macro    0x0000000000000000    0x22fb6
 .debug_macro   0x0000000000000000      0x2ef Core/Src/fonts.o
 .debug_macro   0x00000000000002ef      0xa5a Core/Src/fonts.o
 .debug_macro   0x0000000000000d49       0x28 Core/Src/fonts.o
 .debug_macro   0x0000000000000d71      0x29a Core/Src/fonts.o
 .debug_macro   0x000000000000100b       0x2e Core/Src/fonts.o
 .debug_macro   0x0000000000001039       0x2f Core/Src/fonts.o
 .debug_macro   0x0000000000001068       0x22 Core/Src/fonts.o
 .debug_macro   0x000000000000108a       0x8e Core/Src/fonts.o
 .debug_macro   0x0000000000001118       0x51 Core/Src/fonts.o
 .debug_macro   0x0000000000001169       0xef Core/Src/fonts.o
 .debug_macro   0x0000000000001258       0x6a Core/Src/fonts.o
 .debug_macro   0x00000000000012c2      0x1df Core/Src/fonts.o
 .debug_macro   0x00000000000014a1       0x1c Core/Src/fonts.o
 .debug_macro   0x00000000000014bd       0x22 Core/Src/fonts.o
 .debug_macro   0x00000000000014df       0xdf Core/Src/fonts.o
 .debug_macro   0x00000000000015be     0x102d Core/Src/fonts.o
 .debug_macro   0x00000000000025eb      0x11f Core/Src/fonts.o
 .debug_macro   0x000000000000270a    0x15e3c Core/Src/fonts.o
 .debug_macro   0x0000000000018546       0x43 Core/Src/fonts.o
 .debug_macro   0x0000000000018589     0x3659 Core/Src/fonts.o
 .debug_macro   0x000000000001bbe2      0x174 Core/Src/fonts.o
 .debug_macro   0x000000000001bd56       0x5a Core/Src/fonts.o
 .debug_macro   0x000000000001bdb0      0x96b Core/Src/fonts.o
 .debug_macro   0x000000000001c71b      0x9fe Core/Src/fonts.o
 .debug_macro   0x000000000001d119      0x117 Core/Src/fonts.o
 .debug_macro   0x000000000001d230      0x13e Core/Src/fonts.o
 .debug_macro   0x000000000001d36e       0x27 Core/Src/fonts.o
 .debug_macro   0x000000000001d395      0x174 Core/Src/fonts.o
 .debug_macro   0x000000000001d509      0x287 Core/Src/fonts.o
 .debug_macro   0x000000000001d790       0x5f Core/Src/fonts.o
 .debug_macro   0x000000000001d7ef      0x236 Core/Src/fonts.o
 .debug_macro   0x000000000001da25      0x12c Core/Src/fonts.o
 .debug_macro   0x000000000001db51      0x21e Core/Src/fonts.o
 .debug_macro   0x000000000001dd6f       0x2e Core/Src/fonts.o
 .debug_macro   0x000000000001dd9d      0x11a Core/Src/fonts.o
 .debug_macro   0x000000000001deb7       0x7e Core/Src/fonts.o
 .debug_macro   0x000000000001df35       0x89 Core/Src/fonts.o
 .debug_macro   0x000000000001dfbe      0x31a Core/Src/fonts.o
 .debug_macro   0x000000000001e2d8      0x405 Core/Src/fonts.o
 .debug_macro   0x000000000001e6dd       0xe4 Core/Src/fonts.o
 .debug_macro   0x000000000001e7c1      0x225 Core/Src/fonts.o
 .debug_macro   0x000000000001e9e6      0x8a0 Core/Src/fonts.o
 .debug_macro   0x000000000001f286       0x47 Core/Src/fonts.o
 .debug_macro   0x000000000001f2cd      0x12d Core/Src/fonts.o
 .debug_macro   0x000000000001f3fa       0x46 Core/Src/fonts.o
 .debug_macro   0x000000000001f440       0x18 Core/Src/fonts.o
 .debug_macro   0x000000000001f458       0x3c Core/Src/fonts.o
 .debug_macro   0x000000000001f494       0x34 Core/Src/fonts.o
 .debug_macro   0x000000000001f4c8       0x52 Core/Src/fonts.o
 .debug_macro   0x000000000001f51a       0x1f Core/Src/fonts.o
 .debug_macro   0x000000000001f539       0x43 Core/Src/fonts.o
 .debug_macro   0x000000000001f57c       0x20 Core/Src/fonts.o
 .debug_macro   0x000000000001f59c      0x1a3 Core/Src/fonts.o
 .debug_macro   0x000000000001f73f      0x32a Core/Src/fonts.o
 .debug_macro   0x000000000001fa69       0x10 Core/Src/fonts.o
 .debug_macro   0x000000000001fa79       0x35 Core/Src/fonts.o
 .debug_macro   0x000000000001faae       0x20 Core/Src/fonts.o
 .debug_macro   0x000000000001face       0x16 Core/Src/fonts.o
 .debug_macro   0x000000000001fae4       0x16 Core/Src/fonts.o
 .debug_macro   0x000000000001fafa       0x29 Core/Src/fonts.o
 .debug_macro   0x000000000001fb23      0x49b Core/Src/main.o
 .debug_macro   0x000000000001ffbe       0xea Core/Src/main.o
 .debug_macro   0x00000000000200a8       0x91 Core/Src/main.o
 .debug_macro   0x0000000000020139       0x8d Core/Src/main.o
 .debug_macro   0x00000000000201c6       0x7e Core/Src/main.o
 .debug_macro   0x0000000000020244       0x19 Core/Src/main.o
 .debug_macro   0x000000000002025d       0xf2 Core/Src/main.o
 .debug_macro   0x000000000002034f      0x1e1 Core/Src/main.o
 .debug_macro   0x0000000000020530      0x151 Core/Src/main.o
 .debug_macro   0x0000000000020681       0x1c Core/Src/main.o
 .debug_macro   0x000000000002069d       0x10 Core/Src/main.o
 .debug_macro   0x00000000000206ad       0x10 Core/Src/main.o
 .debug_macro   0x00000000000206bd       0x1c Core/Src/main.o
 .debug_macro   0x00000000000206d9       0x52 Core/Src/main.o
 .debug_macro   0x000000000002072b       0x40 Core/Src/main.o
 .debug_macro   0x000000000002076b       0x10 Core/Src/main.o
 .debug_macro   0x000000000002077b       0x40 Core/Src/main.o
 .debug_macro   0x00000000000207bb       0xd7 Core/Src/main.o
 .debug_macro   0x0000000000020892       0x1c Core/Src/main.o
 .debug_macro   0x00000000000208ae       0x3d Core/Src/main.o
 .debug_macro   0x00000000000208eb       0x16 Core/Src/main.o
 .debug_macro   0x0000000000020901      0x145 Core/Src/main.o
 .debug_macro   0x0000000000020a46      0x311 Core/Src/st7789.o
 .debug_macro   0x0000000000020d57      0x1f1 Core/Src/stm32f4xx_hal_msp.o
 .debug_macro   0x0000000000020f48      0x1e7 Core/Src/stm32f4xx_hal_timebase_tim.o
 .debug_macro   0x000000000002112f      0x1fb Core/Src/stm32f4xx_it.o
 .debug_macro   0x000000000002132a       0xee Core/Src/sysmem.o
 .debug_macro   0x0000000000021418      0x23b Core/Src/sysmem.o
 .debug_macro   0x0000000000021653      0x1ed Core/Src/system_stm32f4xx.o
 .debug_macro   0x0000000000021840      0x247 Drivers/STM32F4xx_HAL_Driver/Src/stm32f4xx_hal.o
 .debug_macro   0x0000000000021a87      0x1e7 Drivers/STM32F4xx_HAL_Driver/Src/stm32f4xx_hal_cortex.o
 .debug_macro   0x0000000000021c6e      0x21d Drivers/STM32F4xx_HAL_Driver/Src/stm32f4xx_hal_gpio.o
 .debug_macro   0x0000000000021e8b      0x20b Drivers/STM32F4xx_HAL_Driver/Src/stm32f4xx_hal_rcc.o
 .debug_macro   0x0000000000022096      0x1e7 Drivers/STM32F4xx_HAL_Driver/Src/stm32f4xx_hal_rcc_ex.o
 .debug_macro   0x000000000002227d      0x1e8 Drivers/STM32F4xx_HAL_Driver/Src/stm32f4xx_hal_rtc.o
 .debug_macro   0x0000000000022465      0x1f6 Drivers/STM32F4xx_HAL_Driver/Src/stm32f4xx_hal_spi.o
 .debug_macro   0x000000000002265b      0x1e8 Drivers/STM32F4xx_HAL_Driver/Src/stm32f4xx_hal_tim.o
 .debug_macro   0x0000000000022843      0x1e7 Drivers/STM32F4xx_HAL_Driver/Src/stm32f4xx_hal_tim_ex.o
 .debug_macro   0x0000000000022a2a      0x17a Middlewares/Third_Party/FreeRTOS/Source/list.o
 .debug_macro   0x0000000000022ba4      0x26c Middlewares/Third_Party/FreeRTOS/Source/tasks.o
 .debug_macro   0x0000000000022e10       0x10 Middlewares/Third_Party/FreeRTOS/Source/tasks.o
 .debug_macro   0x0000000000022e20      0x196 Middlewares/Third_Party/FreeRTOS/Source/portable/GCC/ARM_CM4F/port.o

.debug_line     0x0000000000000000     0xd6d2
 .debug_line    0x0000000000000000      0x869 Core/Src/fonts.o
 .debug_line    0x0000000000000869      0xc40 Core/Src/main.o
 .debug_line    0x00000000000014a9     0x12a7 Core/Src/st7789.o
 .debug_line    0x0000000000002750      0x74f Core/Src/stm32f4xx_hal_msp.o
 .debug_line    0x0000000000002e9f      0x725 Core/Src/stm32f4xx_hal_timebase_tim.o
 .debug_line    0x00000000000035c4      0x777 Core/Src/stm32f4xx_it.o
 .debug_line    0x0000000000003d3b      0x4c7 Core/Src/sysmem.o
 .debug_line    0x0000000000004202      0x70c Core/Src/system_stm32f4xx.o
 .debug_line    0x000000000000490e       0x85 Core/Startup/startup_stm32f407vetx.o
 .debug_line    0x0000000000004993      0x8f6 Drivers/STM32F4xx_HAL_Driver/Src/stm32f4xx_hal.o
 .debug_line    0x0000000000005289      0xa1a Drivers/STM32F4xx_HAL_Driver/Src/stm32f4xx_hal_cortex.o
 .debug_line    0x0000000000005ca3      0x8d5 Drivers/STM32F4xx_HAL_Driver/Src/stm32f4xx_hal_gpio.o
 .debug_line    0x0000000000006578      0x94e Drivers/STM32F4xx_HAL_Driver/Src/stm32f4xx_hal_rcc.o
 .debug_line    0x0000000000006ec6      0x817 Drivers/STM32F4xx_HAL_Driver/Src/stm32f4xx_hal_rcc_ex.o
 .debug_line    0x00000000000076dd      0xa86 Drivers/STM32F4xx_HAL_Driver/Src/stm32f4xx_hal_rtc.o
 .debug_line    0x0000000000008163     0x10b2 Drivers/STM32F4xx_HAL_Driver/Src/stm32f4xx_hal_spi.o
 .debug_line    0x0000000000009215     0x196f Drivers/STM32F4xx_HAL_Driver/Src/stm32f4xx_hal_tim.o
 .debug_line    0x000000000000ab84      0xd0c Drivers/STM32F4xx_HAL_Driver/Src/stm32f4xx_hal_tim_ex.o
 .debug_line    0x000000000000b890      0x66c Middlewares/Third_Party/FreeRTOS/Source/list.o
 .debug_line    0x000000000000befc     0x1133 Middlewares/Third_Party/FreeRTOS/Source/tasks.o
 .debug_line    0x000000000000d02f      0x6a3 Middlewares/Third_Party/FreeRTOS/Source/portable/GCC/ARM_CM4F/port.o

.debug_str      0x0000000000000000    0xd7e57
 .debug_str     0x0000000000000000    0xc9d2e Core/Src/fonts.o
                                      0xca043 (size before relaxing)
 .debug_str     0x00000000000c9d2e     0x8ae6 Core/Src/main.o
                                      0xd2bff (size before relaxing)
 .debug_str     0x00000000000d2814      0x67d Core/Src/st7789.o
                                      0xcb854 (size before relaxing)
 .debug_str     0x00000000000d2e91      0x546 Core/Src/stm32f4xx_hal_msp.o
                                      0xc7b97 (size before relaxing)
 .debug_str     0x00000000000d33d7       0xaa Core/Src/stm32f4xx_hal_timebase_tim.o
                                      0xc79da (size before relaxing)
 .debug_str     0x00000000000d3481       0xa2 Core/Src/stm32f4xx_it.o
                                      0xc7375 (size before relaxing)
 .debug_str     0x00000000000d3523      0x369 Core/Src/sysmem.o
                                       0x5f55 (size before relaxing)
 .debug_str     0x00000000000d388c       0xc4 Core/Src/system_stm32f4xx.o
                                      0xc7064 (size before relaxing)
 .debug_str     0x00000000000d3950       0x36 Core/Startup/startup_stm32f407vetx.o
                                         0x62 (size before relaxing)
 .debug_str     0x00000000000d3986      0x542 Drivers/STM32F4xx_HAL_Driver/Src/stm32f4xx_hal.o
                                      0xc7b31 (size before relaxing)
 .debug_str     0x00000000000d3ec8      0x389 Drivers/STM32F4xx_HAL_Driver/Src/stm32f4xx_hal_cortex.o
                                      0xc7920 (size before relaxing)
 .debug_str     0x00000000000d4251      0x20c Drivers/STM32F4xx_HAL_Driver/Src/stm32f4xx_hal_gpio.o
                                      0xc72a3 (size before relaxing)
 .debug_str     0x00000000000d445d      0x24f Drivers/STM32F4xx_HAL_Driver/Src/stm32f4xx_hal_rcc.o
                                      0xc7451 (size before relaxing)
 .debug_str     0x00000000000d46ac      0x113 Drivers/STM32F4xx_HAL_Driver/Src/stm32f4xx_hal_rcc_ex.o
                                      0xc7199 (size before relaxing)
 .debug_str     0x00000000000d47bf      0x298 Drivers/STM32F4xx_HAL_Driver/Src/stm32f4xx_hal_rtc.o
                                      0xc7411 (size before relaxing)
 .debug_str     0x00000000000d4a57      0x55a Drivers/STM32F4xx_HAL_Driver/Src/stm32f4xx_hal_spi.o
                                      0xc78d2 (size before relaxing)
 .debug_str     0x00000000000d4fb1      0xd69 Drivers/STM32F4xx_HAL_Driver/Src/stm32f4xx_hal_tim.o
                                      0xc8170 (size before relaxing)
 .debug_str     0x00000000000d5d1a      0x4ec Drivers/STM32F4xx_HAL_Driver/Src/stm32f4xx_hal_tim_ex.o
                                      0xc7970 (size before relaxing)
 .debug_str     0x00000000000d6206      0x161 Middlewares/Third_Party/FreeRTOS/Source/list.o
                                       0xa75c (size before relaxing)
 .debug_str     0x00000000000d6367     0x12ed Middlewares/Third_Party/FreeRTOS/Source/tasks.o
                                       0xc97d (size before relaxing)
 .debug_str     0x00000000000d7654      0x803 Middlewares/Third_Party/FreeRTOS/Source/portable/GCC/ARM_CM4F/port.o
                                       0x8525 (size before relaxing)

.comment        0x0000000000000000       0x7b
 .comment       0x0000000000000000       0x7b Core/Src/fonts.o
                                         0x7c (size before relaxing)
 .comment       0x000000000000007b       0x7c Core/Src/main.o
 .comment       0x000000000000007b       0x7c Core/Src/st7789.o
 .comment       0x000000000000007b       0x7c Core/Src/stm32f4xx_hal_msp.o
 .comment       0x000000000000007b       0x7c Core/Src/stm32f4xx_hal_timebase_tim.o
 .comment       0x000000000000007b       0x7c Core/Src/stm32f4xx_it.o
 .comment       0x000000000000007b       0x7c Core/Src/sysmem.o
 .comment       0x000000000000007b       0x7c Core/Src/system_stm32f4xx.o
 .comment       0x000000000000007b       0x7c Drivers/STM32F4xx_HAL_Driver/Src/stm32f4xx_hal.o
 .comment       0x000000000000007b       0x7c Drivers/STM32F4xx_HAL_Driver/Src/stm32f4xx_hal_cortex.o
 .comment       0x000000000000007b       0x7c Drivers/STM32F4xx_HAL_Driver/Src/stm32f4xx_hal_gpio.o
 .comment       0x000000000000007b       0x7c Drivers/STM32F4xx_HAL_Driver/Src/stm32f4xx_hal_rcc.o
 .comment       0x000000000000007b       0x7c Drivers/STM32F4xx_HAL_Driver/Src/stm32f4xx_hal_rcc_ex.o
 .comment       0x000000000000007b       0x7c Drivers/STM32F4xx_HAL_Driver/Src/stm32f4xx_hal_rtc.o
 .comment       0x000000000000007b       0x7c Drivers/STM32F4xx_HAL_Driver/Src/stm32f4xx_hal_spi.o
 .comment       0x000000000000007b       0x7c Drivers/STM32F4xx_HAL_Driver/Src/stm32f4xx_hal_tim.o
 .comment       0x000000000000007b       0x7c Drivers/STM32F4xx_HAL_Driver/Src/stm32f4xx_hal_tim_ex.o
 .comment       0x000000000000007b       0x7c Middlewares/Third_Party/FreeRTOS/Source/list.o
 .comment       0x000000000000007b       0x7c Middlewares/Third_Party/FreeRTOS/Source/tasks.o
 .comment       0x000000000000007b       0x7c Middlewares/Third_Party/FreeRTOS/Source/portable/GCC/ARM_CM4F/port.o

.debug_frame    0x0000000000000000     0x48f0
 .debug_frame   0x0000000000000000       0x38 Core/Src/fonts.o
 .debug_frame   0x0000000000000038      0x110 Core/Src/main.o
 .debug_frame   0x0000000000000148      0x798 Core/Src/st7789.o
 .debug_frame   0x00000000000008e0       0xcc Core/Src/stm32f4xx_hal_msp.o
 .debug_frame   0x00000000000009ac       0x74 Core/Src/stm32f4xx_hal_timebase_tim.o
 .debug_frame   0x0000000000000a20       0xc4 Core/Src/stm32f4xx_it.o
 .debug_frame   0x0000000000000ae4       0x34 Core/Src/sysmem.o
 .debug_frame   0x0000000000000b18       0x58 Core/Src/system_stm32f4xx.o
 .debug_frame   0x0000000000000b70      0x374 Drivers/STM32F4xx_HAL_Driver/Src/stm32f4xx_hal.o
 .debug_frame   0x0000000000000ee4      0x498 Drivers/STM32F4xx_HAL_Driver/Src/stm32f4xx_hal_cortex.o
 .debug_frame   0x000000000000137c      0x14c Drivers/STM32F4xx_HAL_Driver/Src/stm32f4xx_hal_gpio.o
 .debug_frame   0x00000000000014c8      0x1f0 Drivers/STM32F4xx_HAL_Driver/Src/stm32f4xx_hal_rcc.o
 .debug_frame   0x00000000000016b8       0xf0 Drivers/STM32F4xx_HAL_Driver/Src/stm32f4xx_hal_rcc_ex.o
 .debug_frame   0x00000000000017a8      0x308 Drivers/STM32F4xx_HAL_Driver/Src/stm32f4xx_hal_rtc.o
 .debug_frame   0x0000000000001ab0      0x824 Drivers/STM32F4xx_HAL_Driver/Src/stm32f4xx_hal_spi.o
 .debug_frame   0x00000000000022d4     0x10f0 Drivers/STM32F4xx_HAL_Driver/Src/stm32f4xx_hal_tim.o
 .debug_frame   0x00000000000033c4      0x5c0 Drivers/STM32F4xx_HAL_Driver/Src/stm32f4xx_hal_tim_ex.o
 .debug_frame   0x0000000000003984       0xd8 Middlewares/Third_Party/FreeRTOS/Source/list.o
 .debug_frame   0x0000000000003a5c      0x734 Middlewares/Third_Party/FreeRTOS/Source/tasks.o
 .debug_frame   0x0000000000004190      0x1a8 Middlewares/Third_Party/FreeRTOS/Source/portable/GCC/ARM_CM4F/port.o
 .debug_frame   0x0000000000004338       0x20 c:/st/stm32cubeide_1.5.0/stm32cubeide/plugins/com.st.stm32cube.ide.mcu.externaltools.gnu-tools-for-stm32.7-2018-q2-update.win32_1.5.0.202011040924/tools/bin/../lib/gcc/arm-none-eabi/7.3.1/../../../../arm-none-eabi/lib/thumb/v7e-m/fpv4-sp/hard\libc_nano.a(lib_a-errno.o)
 .debug_frame   0x0000000000004358       0x2c c:/st/stm32cubeide_1.5.0/stm32cubeide/plugins/com.st.stm32cube.ide.mcu.externaltools.gnu-tools-for-stm32.7-2018-q2-update.win32_1.5.0.202011040924/tools/bin/../lib/gcc/arm-none-eabi/7.3.1/../../../../arm-none-eabi/lib/thumb/v7e-m/fpv4-sp/hard\libc_nano.a(lib_a-init.o)
 .debug_frame   0x0000000000004384       0x28 c:/st/stm32cubeide_1.5.0/stm32cubeide/plugins/com.st.stm32cube.ide.mcu.externaltools.gnu-tools-for-stm32.7-2018-q2-update.win32_1.5.0.202011040924/tools/bin/../lib/gcc/arm-none-eabi/7.3.1/../../../../arm-none-eabi/lib/thumb/v7e-m/fpv4-sp/hard\libc_nano.a(lib_a-memcpy-stub.o)