st7789.c:83:6:ST7789_Init	8	static
st7789.c:110:13:ST7789_Select	4	static
st7789.c:134:13:ST7789_Unselect	4	static
st7789.c:159:13:ST7789_ExecuteCommandList	24	static
st7789.c:191:6:ST7789_DrawImage	24	static
st7789.c:228:6:ST7789_HardReset	8	static
st7789.c:241:22:ST7789_SendCmd	16	static
st7789.c:332:22:ST7789_SendData	16	static
st7789.c:411:22:ST7789_SendDataMASS	16	static
st7789.c:512:6:ST7789_SleepModeEnter	8	static
st7789.c:528:6:ST7789_SleepModeExit	8	static
st7789.c:544:6:ST7789_InversionMode	16	static
st7789.c:563:6:ST7789_FillScreen	24	static
st7789.c:573:6:ST7789_Clear	16	static
st7789.c:583:6:ST7789_FillRect	24	static
st7789.c:617:13:ST7789_SetWindow	24	static
st7789.c:636:13:ST7789_RamWrite	24	static
st7789.c:656:13:ST7789_ColumnSet	16	static
st7789.c:682:13:ST7789_RowSet	16	static
st7789.c:708:6:ST7789_SetBL	16	static
st7789.c:722:6:ST7789_DisplayPower	16	static
st7789.c:741:6:ST7789_DrawRectangle	32	static
st7789.c:755:13:SwapInt16Values	24	static
st7789.c:767:6:ST7789_DrawRectangleFilled	32	static
st7789.c:785:13:ST7789_DrawLine_Slow	40	static
st7789.c:819:6:ST7789_DrawLine	32	static
st7789.c:853:6:ST7789_DrawLineWithAngle	64	static
st7789.c:869:6:ST7789_DrawTriangle	32	static
st7789.c:881:6:ST7789_DrawFilledTriangle	64	static
st7789.c:946:6:ST7789_DrawPixel	16	static
st7789.c:965:6:ST7789_DrawCircleFilled	48	static
st7789.c:1005:6:ST7789_DrawCircle	40	static
st7789.c:1047:6:ST7789_DrawEllipse	48	static
st7789.c:1061:6:ST7789_DrawEllipseWithAngle	56	static
st7789.c:1082:6:ST7789_DrawEllipseFilled	32	static
st7789.c:1099:6:ST7789_DrawEllipseFilledWithAngle	56	static
st7789.c:1120:6:ST7789_DrawChar	48	static
st7789.c:1222:6:ST7789_print	48	static
st7789.c:1288:6:ST7789_DrawCharWithAngle	96	static
st7789.c:1401:6:ST7789_printWithAngle	64	static
st7789.c:1470:6:ST7789_rotation	16	static
st7789.c:1766:6:ST7789_DrawBitmap	32	static
st7789.c:1794:6:ST7789_DrawBitmapWithAngle	128	static
st7789.c:1840:6:ST7789_DrawFillRoundRect	40	static
st7789.c:1857:6:ST7789_DrawFillCircleHelper	48	static
st7789.c:1904:6:ST7789_DrawCircleHelper	40	static
st7789.c:1946:6:ST7789_DrawRoundRect	40	static
st7789.c:1969:6:ST7789_DrawLineThick	40	static
st7789.c:2009:6:ST7789_DrawLineThickWithAngle	64	static
st7789.c:2022:6:ST7789_DrawArc	88	static
